 win32_graphics

 Timestamp is 65a22a05 (Sat Jan 13 01:13:25 2024)

 Preferred load address is 0000000140000000

 Start         Length     Name                   Class
 0001:00000000 00000070H .text$di                CODE
 0001:00000070 000c6640H .text$mn                CODE
 0001:000c66b0 00000040H .text$mn$00             CODE
 0001:000c66f0 00000290H .text$x                 CODE
 0002:00000000 00000220H .idata$5                DATA
 0002:00000220 00000038H .00cfg                  DATA
 0002:00000258 00000008H .CRT$XCA                DATA
 0002:00000260 00000008H .CRT$XCAA               DATA
 0002:00000268 00000018H .CRT$XCU                DATA
 0002:00000280 00000008H .CRT$XCZ                DATA
 0002:00000288 00000008H .CRT$XIA                DATA
 0002:00000290 00000008H .CRT$XIAA               DATA
 0002:00000298 00000008H .CRT$XIAC               DATA
 0002:000002a0 00000020H .CRT$XIC                DATA
 0002:000002c0 00000008H .CRT$XIZ                DATA
 0002:000002c8 00000008H .CRT$XPA                DATA
 0002:000002d0 00000010H .CRT$XPX                DATA
 0002:000002e0 00000008H .CRT$XPXA               DATA
 0002:000002e8 00000008H .CRT$XPZ                DATA
 0002:000002f0 00000008H .CRT$XTA                DATA
 0002:000002f8 00000008H .CRT$XTZ                DATA
 0002:00000300 00000000H .gehcont$y              DATA
 0002:00000300 00000000H .gfids$y                DATA
 0002:00000300 00007500H .rdata                  DATA
 0002:00007800 00000000H .rdata$CastGuardVftablesA DATA
 0002:00007800 00000000H .rdata$CastGuardVftablesC DATA
 0002:00007800 00000000H .rdata$r                DATA
 0002:00007800 00001430H .rdata$voltmd           DATA
 0002:00008c30 00000330H .rdata$zzzdbg           DATA
 0002:00008f60 00000008H .rtc$IAA                DATA
 0002:00008f68 00000008H .rtc$IZZ                DATA
 0002:00008f70 00000008H .rtc$TAA                DATA
 0002:00008f78 00000008H .rtc$TZZ                DATA
 0002:00008f80 0000b2e0H .xdata                  DATA
 0002:00014260 00000000H .xdata$x                DATA
 0002:00014260 00000000H .edata                  DATA
 0002:00014260 00000014H .idata$2                DATA
 0002:00014274 00000014H .idata$3                DATA
 0002:00014288 00000220H .idata$4                DATA
 0002:000144a8 000004fcH .idata$6                DATA
 0003:00000000 00000a00H .data                   DATA
 0003:00000a00 00000000H .data$r                 DATA
 0003:00000a00 00000000H .data$rs                DATA
 0003:00000a00 0003fbd8H .bss                    DATA
 0004:00000000 0000a3c8H .pdata                  DATA
 0005:00000000 0000015cH _RDATA                  DATA

  Address         Publics by Value              Rva+Base               Lib:Object

 0000:00000000       __AbsoluteZero             0000000000000000     <absolute>
 0000:00000000       ___safe_se_handler_count   0000000000000000     <absolute>
 0000:00000000       ___safe_se_handler_table   0000000000000000     <absolute>
 0000:00000000       __arm64x_extra_rfe_table   0000000000000000     <absolute>
 0000:00000000       __arm64x_extra_rfe_table_size 0000000000000000     <absolute>
 0000:00000000       __arm64x_native_entrypoint 0000000000000000     <absolute>
 0000:00000000       __arm64x_redirection_metadata 0000000000000000     <absolute>
 0000:00000000       __arm64x_redirection_metadata_count 0000000000000000     <absolute>
 0000:00000000       __dynamic_value_reloc_table 0000000000000000     <absolute>
 0000:00000000       __enclave_config           0000000000000000     <absolute>
 0000:00000000       __guard_check_icall_a64n_fptr 0000000000000000     <absolute>
 0000:00000000       __guard_eh_cont_count      0000000000000000     <absolute>
 0000:00000000       __guard_eh_cont_table      0000000000000000     <absolute>
 0000:00000000       __guard_fids_count         0000000000000000     <absolute>
 0000:00000000       __guard_fids_table         0000000000000000     <absolute>
 0000:00000000       __guard_iat_count          0000000000000000     <absolute>
 0000:00000000       __guard_iat_table          0000000000000000     <absolute>
 0000:00000000       __guard_longjmp_count      0000000000000000     <absolute>
 0000:00000000       __guard_longjmp_table      0000000000000000     <absolute>
 0000:00000000       __hybrid_auxiliary_iat     0000000000000000     <absolute>
 0000:00000000       __hybrid_auxiliary_iat_copy 0000000000000000     <absolute>
 0000:00000000       __hybrid_code_map          0000000000000000     <absolute>
 0000:00000000       __hybrid_code_map_count    0000000000000000     <absolute>
 0000:00000000       __x64_code_ranges_to_entry_points 0000000000000000     <absolute>
 0000:00000000       __x64_code_ranges_to_entry_points_count 0000000000000000     <absolute>
 0000:00000100       __guard_flags              0000000000000100     <absolute>
 0000:00000000       __ImageBase                0000000140000000     <linker-defined>
 0001:00000070       ??0int1@@QEAA@XZ           0000000140001070 f   win32_graphics.obj
 0001:000000c0       ??0int1@@QEAA@AEBH@Z       00000001400010c0 f   win32_graphics.obj
 0001:00000120       ??0int1@@QEAA@AEBI@Z       0000000140001120 f   win32_graphics.obj
 0001:00000180       ??0int1@@QEAA@AEBUuint1@@@Z 0000000140001180 f   win32_graphics.obj
 0001:000001e0       ??4int1@@QEAAAEAU0@AEBU0@@Z 00000001400011e0 f   win32_graphics.obj
 0001:00000250       ??Hint1@@QEBA?AU0@XZ       0000000140001250 f   win32_graphics.obj
 0001:000002b0       ??Gint1@@QEBA?AU0@XZ       00000001400012b0 f   win32_graphics.obj
 0001:00000310       ??7int1@@QEBA?AU0@XZ       0000000140001310 f   win32_graphics.obj
 0001:00000370       ??Sint1@@QEBA?AU0@XZ       0000000140001370 f   win32_graphics.obj
 0001:000003d0       ??Eint1@@QEAAAEAU0@XZ      00000001400013d0 f   win32_graphics.obj
 0001:00000460       ??Eint1@@QEAA?AU0@H@Z      0000000140001460 f   win32_graphics.obj
 0001:000004f0       ??Fint1@@QEAAAEAU0@XZ      00000001400014f0 f   win32_graphics.obj
 0001:00000580       ??Fint1@@QEAA?AU0@H@Z      0000000140001580 f   win32_graphics.obj
 0001:00000610       ??0int2@@QEAA@XZ           0000000140001610 f   win32_graphics.obj
 0001:000006a0       ??0int2@@QEAA@AEBH@Z       00000001400016a0 f   win32_graphics.obj
 0001:00000750       ??0int2@@QEAA@AEBI@Z       0000000140001750 f   win32_graphics.obj
 0001:00000800       ??0int2@@QEAA@AEBUint1@@@Z 0000000140001800 f   win32_graphics.obj
 0001:00000850       ??0int2@@QEAA@AEBUuint1@@@Z 0000000140001850 f   win32_graphics.obj
 0001:00000900       ??0int2@@QEAA@AEBUuint2@@@Z 0000000140001900 f   win32_graphics.obj
 0001:000009b0       ??0int2@@QEAA@HH@Z         00000001400019b0 f   win32_graphics.obj
 0001:00000a60       ??4int2@@QEAAAEAU0@AEBU0@@Z 0000000140001a60 f   win32_graphics.obj
 0001:00000ab0       ??Hint2@@QEBA?AU0@XZ       0000000140001ab0 f   win32_graphics.obj
 0001:00000b10       ??Gint2@@QEBA?AU0@XZ       0000000140001b10 f   win32_graphics.obj
 0001:00000b70       ??7int2@@QEBA?AU0@XZ       0000000140001b70 f   win32_graphics.obj
 0001:00000bd0       ??Sint2@@QEBA?AU0@XZ       0000000140001bd0 f   win32_graphics.obj
 0001:00000c30       ??Eint2@@QEAAAEAU0@XZ      0000000140001c30 f   win32_graphics.obj
 0001:00000ca0       ??Eint2@@QEAA?AU0@H@Z      0000000140001ca0 f   win32_graphics.obj
 0001:00000d10       ??Fint2@@QEAAAEAU0@XZ      0000000140001d10 f   win32_graphics.obj
 0001:00000d80       ??Fint2@@QEAA?AU0@H@Z      0000000140001d80 f   win32_graphics.obj
 0001:00000df0       ??0int3@@QEAA@XZ           0000000140001df0 f   win32_graphics.obj
 0001:00000eb0       ??0int3@@QEAA@AEBH@Z       0000000140001eb0 f   win32_graphics.obj
 0001:00000f90       ??0int3@@QEAA@AEBI@Z       0000000140001f90 f   win32_graphics.obj
 0001:00001070       ??0int3@@QEAA@AEBUint1@@@Z 0000000140002070 f   win32_graphics.obj
 0001:000010d0       ??0int3@@QEAA@AEBUuint1@@@Z 00000001400020d0 f   win32_graphics.obj
 0001:000011b0       ??0int3@@QEAA@AEBUuint3@@@Z 00000001400021b0 f   win32_graphics.obj
 0001:000012a0       ??0int3@@QEAA@HHH@Z        00000001400022a0 f   win32_graphics.obj
 0001:00001380       ??0int3@@QEAA@Uint2@@H@Z   0000000140002380 f   win32_graphics.obj
 0001:00001420       ??0int3@@QEAA@Uint1@@Uint2@@@Z 0000000140002420 f   win32_graphics.obj
 0001:00001470       ??4int3@@QEAAAEAU0@AEBU0@@Z 0000000140002470 f   win32_graphics.obj
 0001:000014e0       ??Hint3@@QEBA?AU0@XZ       00000001400024e0 f   win32_graphics.obj
 0001:00001540       ??Gint3@@QEBA?AU0@XZ       0000000140002540 f   win32_graphics.obj
 0001:000015a0       ??7int3@@QEBA?AU0@XZ       00000001400025a0 f   win32_graphics.obj
 0001:00001600       ??Sint3@@QEBA?AU0@XZ       0000000140002600 f   win32_graphics.obj
 0001:00001660       ??Eint3@@QEAAAEAU0@XZ      0000000140002660 f   win32_graphics.obj
 0001:000016d0       ??Eint3@@QEAA?AU0@H@Z      00000001400026d0 f   win32_graphics.obj
 0001:00001740       ??Fint3@@QEAAAEAU0@XZ      0000000140002740 f   win32_graphics.obj
 0001:000017b0       ??Fint3@@QEAA?AU0@H@Z      00000001400027b0 f   win32_graphics.obj
 0001:00001820       ??0int4@@QEAA@XZ           0000000140002820 f   win32_graphics.obj
 0001:00001910       ??0int4@@QEAA@AEBH@Z       0000000140002910 f   win32_graphics.obj
 0001:00001a20       ??0int4@@QEAA@AEBI@Z       0000000140002a20 f   win32_graphics.obj
 0001:00001b30       ??0int4@@QEAA@AEBUint1@@@Z 0000000140002b30 f   win32_graphics.obj
 0001:00001bb0       ??0int4@@QEAA@AEBUuint1@@@Z 0000000140002bb0 f   win32_graphics.obj
 0001:00001cc0       ??0int4@@QEAA@AEBUuint4@@@Z 0000000140002cc0 f   win32_graphics.obj
 0001:00001df0       ??0int4@@QEAA@HHHH@Z       0000000140002df0 f   win32_graphics.obj
 0001:00001f10       ??0int4@@QEAA@Uint2@@0@Z   0000000140002f10 f   win32_graphics.obj
 0001:00001f60       ??0int4@@QEAA@Uint3@@Uint1@@@Z 0000000140002f60 f   win32_graphics.obj
 0001:00001fb0       ??0int4@@QEAA@Uint1@@Uint3@@@Z 0000000140002fb0 f   win32_graphics.obj
 0001:00002000       ??4int4@@QEAAAEAU0@AEBU0@@Z 0000000140003000 f   win32_graphics.obj
 0001:00002090       ??Hint4@@QEBA?AU0@XZ       0000000140003090 f   win32_graphics.obj
 0001:000020f0       ??Gint4@@QEBA?AU0@XZ       00000001400030f0 f   win32_graphics.obj
 0001:00002150       ??7int4@@QEBA?AU0@XZ       0000000140003150 f   win32_graphics.obj
 0001:000021b0       ??Sint4@@QEBA?AU0@XZ       00000001400031b0 f   win32_graphics.obj
 0001:00002210       ??Eint4@@QEAAAEAU0@XZ      0000000140003210 f   win32_graphics.obj
 0001:00002280       ??Eint4@@QEAA?AU0@H@Z      0000000140003280 f   win32_graphics.obj
 0001:000022f0       ??Fint4@@QEAAAEAU0@XZ      00000001400032f0 f   win32_graphics.obj
 0001:00002360       ??Fint4@@QEAA?AU0@H@Z      0000000140003360 f   win32_graphics.obj
 0001:000023d0       ??0uint1@@QEAA@XZ          00000001400033d0 f   win32_graphics.obj
 0001:00002420       ??0uint1@@QEAA@AEBH@Z      0000000140003420 f   win32_graphics.obj
 0001:00002480       ??0uint1@@QEAA@AEBI@Z      0000000140003480 f   win32_graphics.obj
 0001:000024e0       ??0uint1@@QEAA@AEBUint1@@@Z 00000001400034e0 f   win32_graphics.obj
 0001:00002540       ??4uint1@@QEAAAEAU0@AEBU0@@Z 0000000140003540 f   win32_graphics.obj
 0001:000025b0       ??Huint1@@QEBA?AU0@XZ      00000001400035b0 f   win32_graphics.obj
 0001:00002640       ??Guint1@@QEBA?AU0@XZ      0000000140003640 f   win32_graphics.obj
 0001:000026d0       ??7uint1@@QEBA?AU0@XZ      00000001400036d0 f   win32_graphics.obj
 0001:00002760       ??Suint1@@QEBA?AU0@XZ      0000000140003760 f   win32_graphics.obj
 0001:000027f0       ??Euint1@@QEAAAEAU0@XZ     00000001400037f0 f   win32_graphics.obj
 0001:00002890       ??Euint1@@QEAA?AU0@H@Z     0000000140003890 f   win32_graphics.obj
 0001:00002920       ??Fuint1@@QEAAAEAU0@XZ     0000000140003920 f   win32_graphics.obj
 0001:000029c0       ??Fuint1@@QEAA?AU0@H@Z     00000001400039c0 f   win32_graphics.obj
 0001:00002a50       ??0uint2@@QEAA@XZ          0000000140003a50 f   win32_graphics.obj
 0001:00002ae0       ??0uint2@@QEAA@AEBH@Z      0000000140003ae0 f   win32_graphics.obj
 0001:00002b90       ??0uint2@@QEAA@AEBI@Z      0000000140003b90 f   win32_graphics.obj
 0001:00002c40       ??0uint2@@QEAA@AEBUint1@@@Z 0000000140003c40 f   win32_graphics.obj
 0001:00002cf0       ??0uint2@@QEAA@AEBUuint1@@@Z 0000000140003cf0 f   win32_graphics.obj
 0001:00002d40       ??0uint2@@QEAA@AEBUint2@@@Z 0000000140003d40 f   win32_graphics.obj
 0001:00002df0       ??0uint2@@QEAA@II@Z        0000000140003df0 f   win32_graphics.obj
 0001:00002ea0       ??4uint2@@QEAAAEAU0@AEBU0@@Z 0000000140003ea0 f   win32_graphics.obj
 0001:00002ef0       ??Huint2@@QEBA?AU0@XZ      0000000140003ef0 f   win32_graphics.obj
 0001:00002f60       ??Guint2@@QEBA?AU0@XZ      0000000140003f60 f   win32_graphics.obj
 0001:00002fd0       ??7uint2@@QEBA?AU0@XZ      0000000140003fd0 f   win32_graphics.obj
 0001:00003040       ??Suint2@@QEBA?AU0@XZ      0000000140004040 f   win32_graphics.obj
 0001:000030b0       ??Euint2@@QEAAAEAU0@XZ     00000001400040b0 f   win32_graphics.obj
 0001:00003130       ??Euint2@@QEAA?AU0@H@Z     0000000140004130 f   win32_graphics.obj
 0001:000031a0       ??Fuint2@@QEAAAEAU0@XZ     00000001400041a0 f   win32_graphics.obj
 0001:00003220       ??Fuint2@@QEAA?AU0@H@Z     0000000140004220 f   win32_graphics.obj
 0001:00003290       ??0uint3@@QEAA@XZ          0000000140004290 f   win32_graphics.obj
 0001:00003350       ??0uint3@@QEAA@AEBH@Z      0000000140004350 f   win32_graphics.obj
 0001:00003430       ??0uint3@@QEAA@AEBI@Z      0000000140004430 f   win32_graphics.obj
 0001:00003510       ??0uint3@@QEAA@AEBUint1@@@Z 0000000140004510 f   win32_graphics.obj
 0001:000035f0       ??0uint3@@QEAA@AEBUuint1@@@Z 00000001400045f0 f   win32_graphics.obj
 0001:00003650       ??0uint3@@QEAA@AEBUint3@@@Z 0000000140004650 f   win32_graphics.obj
 0001:00003740       ??0uint3@@QEAA@III@Z       0000000140004740 f   win32_graphics.obj
 0001:00003820       ??0uint3@@QEAA@Uuint2@@I@Z 0000000140004820 f   win32_graphics.obj
 0001:000038c0       ??0uint3@@QEAA@Uuint1@@Uuint2@@@Z 00000001400048c0 f   win32_graphics.obj
 0001:00003910       ??4uint3@@QEAAAEAU0@AEBU0@@Z 0000000140004910 f   win32_graphics.obj
 0001:00003980       ??Huint3@@QEBA?AU0@XZ      0000000140004980 f   win32_graphics.obj
 0001:000039f0       ??Guint3@@QEBA?AU0@XZ      00000001400049f0 f   win32_graphics.obj
 0001:00003a60       ??7uint3@@QEBA?AU0@XZ      0000000140004a60 f   win32_graphics.obj
 0001:00003ad0       ??Suint3@@QEBA?AU0@XZ      0000000140004ad0 f   win32_graphics.obj
 0001:00003b40       ??Euint3@@QEAAAEAU0@XZ     0000000140004b40 f   win32_graphics.obj
 0001:00003bc0       ??Euint3@@QEAA?AU0@H@Z     0000000140004bc0 f   win32_graphics.obj
 0001:00003c30       ??Fuint3@@QEAAAEAU0@XZ     0000000140004c30 f   win32_graphics.obj
 0001:00003cb0       ??Fuint3@@QEAA?AU0@H@Z     0000000140004cb0 f   win32_graphics.obj
 0001:00003d20       ??0uint4@@QEAA@XZ          0000000140004d20 f   win32_graphics.obj
 0001:00003e10       ??0uint4@@QEAA@AEBH@Z      0000000140004e10 f   win32_graphics.obj
 0001:00003f20       ??0uint4@@QEAA@AEBI@Z      0000000140004f20 f   win32_graphics.obj
 0001:00004030       ??0uint4@@QEAA@AEBUint1@@@Z 0000000140005030 f   win32_graphics.obj
 0001:00004140       ??0uint4@@QEAA@AEBUuint1@@@Z 0000000140005140 f   win32_graphics.obj
 0001:000041c0       ??0uint4@@QEAA@AEBUint4@@@Z 00000001400051c0 f   win32_graphics.obj
 0001:000042f0       ??0uint4@@QEAA@IIII@Z      00000001400052f0 f   win32_graphics.obj
 0001:00004410       ??0uint4@@QEAA@Uuint2@@0@Z 0000000140005410 f   win32_graphics.obj
 0001:00004460       ??0uint4@@QEAA@Uuint3@@Uuint1@@@Z 0000000140005460 f   win32_graphics.obj
 0001:000044b0       ??0uint4@@QEAA@Uuint1@@Uuint3@@@Z 00000001400054b0 f   win32_graphics.obj
 0001:00004500       ??4uint4@@QEAAAEAU0@AEBU0@@Z 0000000140005500 f   win32_graphics.obj
 0001:00004590       ??Huint4@@QEBA?AU0@XZ      0000000140005590 f   win32_graphics.obj
 0001:00004600       ??Guint4@@QEBA?AU0@XZ      0000000140005600 f   win32_graphics.obj
 0001:00004670       ??7uint4@@QEBA?AU0@XZ      0000000140005670 f   win32_graphics.obj
 0001:000046e0       ??Suint4@@QEBA?AU0@XZ      00000001400056e0 f   win32_graphics.obj
 0001:00004750       ??Euint4@@QEAAAEAU0@XZ     0000000140005750 f   win32_graphics.obj
 0001:000047d0       ??Euint4@@QEAA?AU0@H@Z     00000001400057d0 f   win32_graphics.obj
 0001:00004840       ??Fuint4@@QEAAAEAU0@XZ     0000000140005840 f   win32_graphics.obj
 0001:000048c0       ??Fuint4@@QEAA?AU0@H@Z     00000001400058c0 f   win32_graphics.obj
 0001:00004930       ??0float1@@QEAA@XZ         0000000140005930 f   win32_graphics.obj
 0001:00004980       ??0float1@@QEAA@AEBH@Z     0000000140005980 f   win32_graphics.obj
 0001:000049e0       ??0float1@@QEAA@AEBI@Z     00000001400059e0 f   win32_graphics.obj
 0001:00004a50       ??0float1@@QEAA@AEBM@Z     0000000140005a50 f   win32_graphics.obj
 0001:00004ab0       ??0float1@@QEAA@AEBUint1@@@Z 0000000140005ab0 f   win32_graphics.obj
 0001:00004b20       ??0float1@@QEAA@AEBUuint1@@@Z 0000000140005b20 f   win32_graphics.obj
 0001:00004b90       ??4float1@@QEAAAEAU0@AEBU0@@Z 0000000140005b90 f   win32_graphics.obj
 0001:00004c10       ??Hfloat1@@QEBA?AU0@XZ     0000000140005c10 f   win32_graphics.obj
 0001:00004c70       ??Gfloat1@@QEBA?AU0@XZ     0000000140005c70 f   win32_graphics.obj
 0001:00004cd0       ??7float1@@QEBA?AU0@XZ     0000000140005cd0 f   win32_graphics.obj
 0001:00004d30       ??Sfloat1@@QEBA?AU0@XZ     0000000140005d30 f   win32_graphics.obj
 0001:00004d90       ??Efloat1@@QEAAAEAU0@XZ    0000000140005d90 f   win32_graphics.obj
 0001:00004e20       ??Efloat1@@QEAA?AU0@H@Z    0000000140005e20 f   win32_graphics.obj
 0001:00004eb0       ??Ffloat1@@QEAAAEAU0@XZ    0000000140005eb0 f   win32_graphics.obj
 0001:00004f40       ??Ffloat1@@QEAA?AU0@H@Z    0000000140005f40 f   win32_graphics.obj
 0001:00004fd0       ??0float2@@QEAA@XZ         0000000140005fd0 f   win32_graphics.obj
 0001:00005060       ??0float2@@QEAA@AEBH@Z     0000000140006060 f   win32_graphics.obj
 0001:00005110       ??0float2@@QEAA@AEBI@Z     0000000140006110 f   win32_graphics.obj
 0001:000051c0       ??0float2@@QEAA@AEBM@Z     00000001400061c0 f   win32_graphics.obj
 0001:00005270       ??0float2@@QEAA@AEBUint1@@@Z 0000000140006270 f   win32_graphics.obj
 0001:00005320       ??0float2@@QEAA@AEBUuint1@@@Z 0000000140006320 f   win32_graphics.obj
 0001:000053d0       ??0float2@@QEAA@AEBUfloat1@@@Z 00000001400063d0 f   win32_graphics.obj
 0001:00005420       ??0float2@@QEAA@AEBUint2@@@Z 0000000140006420 f   win32_graphics.obj
 0001:000054d0       ??0float2@@QEAA@AEBUuint2@@@Z 00000001400064d0 f   win32_graphics.obj
 0001:00005580       ??0float2@@QEAA@MM@Z       0000000140006580 f   win32_graphics.obj
 0001:00005630       ??4float2@@QEAAAEAU0@AEBU0@@Z 0000000140006630 f   win32_graphics.obj
 0001:00005680       ??Hfloat2@@QEBA?AU0@XZ     0000000140006680 f   win32_graphics.obj
 0001:000056e0       ??Gfloat2@@QEBA?AU0@XZ     00000001400066e0 f   win32_graphics.obj
 0001:00005740       ??7float2@@QEBA?AU0@XZ     0000000140006740 f   win32_graphics.obj
 0001:000057a0       ??Sfloat2@@QEBA?AU0@XZ     00000001400067a0 f   win32_graphics.obj
 0001:00005800       ??Efloat2@@QEAAAEAU0@XZ    0000000140006800 f   win32_graphics.obj
 0001:00005870       ??Efloat2@@QEAA?AU0@H@Z    0000000140006870 f   win32_graphics.obj
 0001:000058e0       ??Ffloat2@@QEAAAEAU0@XZ    00000001400068e0 f   win32_graphics.obj
 0001:00005950       ??Ffloat2@@QEAA?AU0@H@Z    0000000140006950 f   win32_graphics.obj
 0001:000059c0       ??0float3@@QEAA@XZ         00000001400069c0 f   win32_graphics.obj
 0001:00005a80       ??0float3@@QEAA@AEBH@Z     0000000140006a80 f   win32_graphics.obj
 0001:00005b60       ??0float3@@QEAA@AEBI@Z     0000000140006b60 f   win32_graphics.obj
 0001:00005c40       ??0float3@@QEAA@AEBM@Z     0000000140006c40 f   win32_graphics.obj
 0001:00005d20       ??0float3@@QEAA@AEBUint1@@@Z 0000000140006d20 f   win32_graphics.obj
 0001:00005e00       ??0float3@@QEAA@AEBUuint1@@@Z 0000000140006e00 f   win32_graphics.obj
 0001:00005ee0       ??0float3@@QEAA@AEBUfloat1@@@Z 0000000140006ee0 f   win32_graphics.obj
 0001:00005f40       ??0float3@@QEAA@AEBUint3@@@Z 0000000140006f40 f   win32_graphics.obj
 0001:00006030       ??0float3@@QEAA@AEBUuint3@@@Z 0000000140007030 f   win32_graphics.obj
 0001:00006120       ??0float3@@QEAA@MMM@Z      0000000140007120 f   win32_graphics.obj
 0001:00006210       ??0float3@@QEAA@Ufloat2@@M@Z 0000000140007210 f   win32_graphics.obj
 0001:000062b0       ??0float3@@QEAA@Ufloat1@@Ufloat2@@@Z 00000001400072b0 f   win32_graphics.obj
 0001:00006300       ??4float3@@QEAAAEAU0@AEBU0@@Z 0000000140007300 f   win32_graphics.obj
 0001:00006370       ??Hfloat3@@QEBA?AU0@XZ     0000000140007370 f   win32_graphics.obj
 0001:000063d0       ??Gfloat3@@QEBA?AU0@XZ     00000001400073d0 f   win32_graphics.obj
 0001:00006430       ??7float3@@QEBA?AU0@XZ     0000000140007430 f   win32_graphics.obj
 0001:00006490       ??Sfloat3@@QEBA?AU0@XZ     0000000140007490 f   win32_graphics.obj
 0001:000064f0       ??Efloat3@@QEAAAEAU0@XZ    00000001400074f0 f   win32_graphics.obj
 0001:00006560       ??Efloat3@@QEAA?AU0@H@Z    0000000140007560 f   win32_graphics.obj
 0001:000065d0       ??Ffloat3@@QEAAAEAU0@XZ    00000001400075d0 f   win32_graphics.obj
 0001:00006640       ??Ffloat3@@QEAA?AU0@H@Z    0000000140007640 f   win32_graphics.obj
 0001:000066b0       ??0float4@@QEAA@XZ         00000001400076b0 f   win32_graphics.obj
 0001:000067a0       ??0float4@@QEAA@AEBH@Z     00000001400077a0 f   win32_graphics.obj
 0001:000068b0       ??0float4@@QEAA@AEBI@Z     00000001400078b0 f   win32_graphics.obj
 0001:000069c0       ??0float4@@QEAA@AEBM@Z     00000001400079c0 f   win32_graphics.obj
 0001:00006ad0       ??0float4@@QEAA@AEBUint1@@@Z 0000000140007ad0 f   win32_graphics.obj
 0001:00006be0       ??0float4@@QEAA@AEBUuint1@@@Z 0000000140007be0 f   win32_graphics.obj
 0001:00006cf0       ??0float4@@QEAA@AEBUfloat1@@@Z 0000000140007cf0 f   win32_graphics.obj
 0001:00006d70       ??0float4@@QEAA@AEBUint4@@@Z 0000000140007d70 f   win32_graphics.obj
 0001:00006ea0       ??0float4@@QEAA@AEBUuint4@@@Z 0000000140007ea0 f   win32_graphics.obj
 0001:00006fd0       ??0float4@@QEAA@MMMM@Z     0000000140007fd0 f   win32_graphics.obj
 0001:000070f0       ??0float4@@QEAA@Ufloat2@@0@Z 00000001400080f0 f   win32_graphics.obj
 0001:00007140       ??0float4@@QEAA@Ufloat3@@Ufloat1@@@Z 0000000140008140 f   win32_graphics.obj
 0001:00007190       ??0float4@@QEAA@Ufloat1@@Ufloat3@@@Z 0000000140008190 f   win32_graphics.obj
 0001:000071e0       ??4float4@@QEAAAEAU0@AEBU0@@Z 00000001400081e0 f   win32_graphics.obj
 0001:00007270       ??Hfloat4@@QEBA?AU0@XZ     0000000140008270 f   win32_graphics.obj
 0001:000072d0       ??Gfloat4@@QEBA?AU0@XZ     00000001400082d0 f   win32_graphics.obj
 0001:00007330       ??7float4@@QEBA?AU0@XZ     0000000140008330 f   win32_graphics.obj
 0001:00007390       ??Sfloat4@@QEBA?AU0@XZ     0000000140008390 f   win32_graphics.obj
 0001:000073f0       ??Efloat4@@QEAAAEAU0@XZ    00000001400083f0 f   win32_graphics.obj
 0001:00007460       ??Efloat4@@QEAA?AU0@H@Z    0000000140008460 f   win32_graphics.obj
 0001:000074d0       ??Ffloat4@@QEAAAEAU0@XZ    00000001400084d0 f   win32_graphics.obj
 0001:00007540       ??Ffloat4@@QEAA?AU0@H@Z    0000000140008540 f   win32_graphics.obj
 0001:000075b0       ?ExecMaskApply@@YAHHH@Z    00000001400085b0 f   win32_graphics.obj
 0001:00007600       ?ExecMaskApply@@YAIIH@Z    0000000140008600 f   win32_graphics.obj
 0001:00007640       ?ExecMaskApply@@YAMMH@Z    0000000140008640 f   win32_graphics.obj
 0001:00007690       ?ExecMaskSelect@@YAHHHH@Z  0000000140008690 f   win32_graphics.obj
 0001:00007700       ?ExecMaskSelect@@YAIIIH@Z  0000000140008700 f   win32_graphics.obj
 0001:00007760       ?ExecMaskSelect@@YAMMMH@Z  0000000140008760 f   win32_graphics.obj
 0001:000077e0       ??H@YA?AUint1@@U0@0@Z      00000001400087e0 f   win32_graphics.obj
 0001:00007900       ??H@YA?AUuint1@@U0@0@Z     0000000140008900 f   win32_graphics.obj
 0001:00007a20       ??H@YA?AUfloat1@@U0@0@Z    0000000140008a20 f   win32_graphics.obj
 0001:00007b50       ??H@YA?AUint1@@U0@Uuint1@@@Z 0000000140008b50 f   win32_graphics.obj
 0001:00007c70       ??H@YA?AUint1@@Uuint1@@U0@@Z 0000000140008c70 f   win32_graphics.obj
 0001:00007d90       ??H@YA?AUfloat1@@U0@Uuint1@@@Z 0000000140008d90 f   win32_graphics.obj
 0001:00007ed0       ??H@YA?AUfloat1@@U0@Uint1@@@Z 0000000140008ed0 f   win32_graphics.obj
 0001:00008000       ??H@YA?AUfloat1@@Uuint1@@U0@@Z 0000000140009000 f   win32_graphics.obj
 0001:00008130       ??H@YA?AUfloat1@@Uint1@@U0@@Z 0000000140009130 f   win32_graphics.obj
 0001:00008260       ??H@YA?AUint2@@U0@0@Z      0000000140009260 f   win32_graphics.obj
 0001:00008360       ??H@YA?AUuint2@@U0@0@Z     0000000140009360 f   win32_graphics.obj
 0001:00008460       ??H@YA?AUfloat2@@U0@0@Z    0000000140009460 f   win32_graphics.obj
 0001:00008570       ??H@YA?AUint2@@U0@Uuint2@@@Z 0000000140009570 f   win32_graphics.obj
 0001:00008670       ??H@YA?AUint2@@Uuint2@@U0@@Z 0000000140009670 f   win32_graphics.obj
 0001:00008770       ??H@YA?AUfloat2@@U0@Uuint2@@@Z 0000000140009770 f   win32_graphics.obj
 0001:00008890       ??H@YA?AUfloat2@@U0@Uint2@@@Z 0000000140009890 f   win32_graphics.obj
 0001:000089a0       ??H@YA?AUfloat2@@Uuint2@@U0@@Z 00000001400099a0 f   win32_graphics.obj
 0001:00008ab0       ??H@YA?AUfloat2@@Uint2@@U0@@Z 0000000140009ab0 f   win32_graphics.obj
 0001:00008bc0       ??H@YA?AUint3@@U0@0@Z      0000000140009bc0 f   win32_graphics.obj
 0001:00008cc0       ??H@YA?AUuint3@@U0@0@Z     0000000140009cc0 f   win32_graphics.obj
 0001:00008dc0       ??H@YA?AUfloat3@@U0@0@Z    0000000140009dc0 f   win32_graphics.obj
 0001:00008ed0       ??H@YA?AUint3@@U0@Uuint3@@@Z 0000000140009ed0 f   win32_graphics.obj
 0001:00008fd0       ??H@YA?AUint3@@Uuint3@@U0@@Z 0000000140009fd0 f   win32_graphics.obj
 0001:000090d0       ??H@YA?AUfloat3@@U0@Uuint3@@@Z 000000014000a0d0 f   win32_graphics.obj
 0001:000091f0       ??H@YA?AUfloat3@@U0@Uint3@@@Z 000000014000a1f0 f   win32_graphics.obj
 0001:00009300       ??H@YA?AUfloat3@@Uuint3@@U0@@Z 000000014000a300 f   win32_graphics.obj
 0001:00009410       ??H@YA?AUfloat3@@Uint3@@U0@@Z 000000014000a410 f   win32_graphics.obj
 0001:00009520       ??H@YA?AUint4@@U0@0@Z      000000014000a520 f   win32_graphics.obj
 0001:00009620       ??H@YA?AUuint4@@U0@0@Z     000000014000a620 f   win32_graphics.obj
 0001:00009720       ??H@YA?AUfloat4@@U0@0@Z    000000014000a720 f   win32_graphics.obj
 0001:00009830       ??H@YA?AUint4@@U0@Uuint4@@@Z 000000014000a830 f   win32_graphics.obj
 0001:00009930       ??H@YA?AUint4@@Uuint4@@U0@@Z 000000014000a930 f   win32_graphics.obj
 0001:00009a30       ??H@YA?AUfloat4@@U0@Uuint4@@@Z 000000014000aa30 f   win32_graphics.obj
 0001:00009b50       ??H@YA?AUfloat4@@U0@Uint4@@@Z 000000014000ab50 f   win32_graphics.obj
 0001:00009c60       ??H@YA?AUfloat4@@Uuint4@@U0@@Z 000000014000ac60 f   win32_graphics.obj
 0001:00009d70       ??H@YA?AUfloat4@@Uint4@@U0@@Z 000000014000ad70 f   win32_graphics.obj
 0001:00009e80       ??H@YA?AUint1@@U0@H@Z      000000014000ae80 f   win32_graphics.obj
 0001:00009f90       ??H@YA?AUuint1@@U0@I@Z     000000014000af90 f   win32_graphics.obj
 0001:0000a0a0       ??H@YA?AUfloat1@@U0@M@Z    000000014000b0a0 f   win32_graphics.obj
 0001:0000a1c0       ??H@YA?AUint1@@U0@I@Z      000000014000b1c0 f   win32_graphics.obj
 0001:0000a2d0       ??H@YA?AUint1@@Uuint1@@H@Z 000000014000b2d0 f   win32_graphics.obj
 0001:0000a3e0       ??H@YA?AUfloat1@@U0@H@Z    000000014000b3e0 f   win32_graphics.obj
 0001:0000a500       ??H@YA?AUfloat1@@U0@I@Z    000000014000b500 f   win32_graphics.obj
 0001:0000a620       ??H@YA?AUfloat1@@Uint1@@M@Z 000000014000b620 f   win32_graphics.obj
 0001:0000a740       ??H@YA?AUfloat1@@Uuint1@@M@Z 000000014000b740 f   win32_graphics.obj
 0001:0000a860       ??H@YA?AUint2@@U0@H@Z      000000014000b860 f   win32_graphics.obj
 0001:0000a950       ??H@YA?AUuint2@@U0@I@Z     000000014000b950 f   win32_graphics.obj
 0001:0000aa40       ??H@YA?AUfloat2@@U0@M@Z    000000014000ba40 f   win32_graphics.obj
 0001:0000ab40       ??H@YA?AUint2@@U0@I@Z      000000014000bb40 f   win32_graphics.obj
 0001:0000ac30       ??H@YA?AUint2@@Uuint2@@H@Z 000000014000bc30 f   win32_graphics.obj
 0001:0000ad20       ??H@YA?AUfloat2@@U0@H@Z    000000014000bd20 f   win32_graphics.obj
 0001:0000ae20       ??H@YA?AUfloat2@@U0@I@Z    000000014000be20 f   win32_graphics.obj
 0001:0000af20       ??H@YA?AUfloat2@@Uint2@@M@Z 000000014000bf20 f   win32_graphics.obj
 0001:0000b010       ??H@YA?AUfloat2@@Uuint2@@M@Z 000000014000c010 f   win32_graphics.obj
 0001:0000b110       ??H@YA?AUint3@@U0@H@Z      000000014000c110 f   win32_graphics.obj
 0001:0000b200       ??H@YA?AUuint3@@U0@I@Z     000000014000c200 f   win32_graphics.obj
 0001:0000b2f0       ??H@YA?AUfloat3@@U0@M@Z    000000014000c2f0 f   win32_graphics.obj
 0001:0000b3f0       ??H@YA?AUint3@@U0@I@Z      000000014000c3f0 f   win32_graphics.obj
 0001:0000b4e0       ??H@YA?AUint3@@Uuint3@@H@Z 000000014000c4e0 f   win32_graphics.obj
 0001:0000b5d0       ??H@YA?AUfloat3@@U0@H@Z    000000014000c5d0 f   win32_graphics.obj
 0001:0000b6d0       ??H@YA?AUfloat3@@U0@I@Z    000000014000c6d0 f   win32_graphics.obj
 0001:0000b7d0       ??H@YA?AUfloat3@@Uint3@@M@Z 000000014000c7d0 f   win32_graphics.obj
 0001:0000b8c0       ??H@YA?AUfloat3@@Uuint3@@M@Z 000000014000c8c0 f   win32_graphics.obj
 0001:0000b9c0       ??H@YA?AUint4@@U0@H@Z      000000014000c9c0 f   win32_graphics.obj
 0001:0000bab0       ??H@YA?AUuint4@@U0@I@Z     000000014000cab0 f   win32_graphics.obj
 0001:0000bba0       ??H@YA?AUfloat4@@U0@M@Z    000000014000cba0 f   win32_graphics.obj
 0001:0000bca0       ??H@YA?AUint4@@U0@I@Z      000000014000cca0 f   win32_graphics.obj
 0001:0000bd90       ??H@YA?AUint4@@Uuint4@@H@Z 000000014000cd90 f   win32_graphics.obj
 0001:0000be80       ??H@YA?AUfloat4@@U0@H@Z    000000014000ce80 f   win32_graphics.obj
 0001:0000bf80       ??H@YA?AUfloat4@@U0@I@Z    000000014000cf80 f   win32_graphics.obj
 0001:0000c080       ??H@YA?AUfloat4@@Uint4@@M@Z 000000014000d080 f   win32_graphics.obj
 0001:0000c170       ??H@YA?AUfloat4@@Uuint4@@M@Z 000000014000d170 f   win32_graphics.obj
 0001:0000c270       ??H@YA?AUint1@@HU0@@Z      000000014000d270 f   win32_graphics.obj
 0001:0000c380       ??H@YA?AUuint1@@IU0@@Z     000000014000d380 f   win32_graphics.obj
 0001:0000c490       ??H@YA?AUfloat1@@MU0@@Z    000000014000d490 f   win32_graphics.obj
 0001:0000c5b0       ??H@YA?AUint1@@HUuint1@@@Z 000000014000d5b0 f   win32_graphics.obj
 0001:0000c6c0       ??H@YA?AUint1@@IU0@@Z      000000014000d6c0 f   win32_graphics.obj
 0001:0000c7d0       ??H@YA?AUfloat1@@MUint1@@@Z 000000014000d7d0 f   win32_graphics.obj
 0001:0000c8f0       ??H@YA?AUfloat1@@MUuint1@@@Z 000000014000d8f0 f   win32_graphics.obj
 0001:0000ca10       ??H@YA?AUfloat1@@HU0@@Z    000000014000da10 f   win32_graphics.obj
 0001:0000cb20       ??H@YA?AUfloat1@@IU0@@Z    000000014000db20 f   win32_graphics.obj
 0001:0000cc40       ??H@YA?AUint2@@HU0@@Z      000000014000dc40 f   win32_graphics.obj
 0001:0000cd30       ??H@YA?AUuint2@@IU0@@Z     000000014000dd30 f   win32_graphics.obj
 0001:0000ce20       ??H@YA?AUint2@@HUuint2@@@Z 000000014000de20 f   win32_graphics.obj
 0001:0000cf10       ??H@YA?AUint2@@IU0@@Z      000000014000df10 f   win32_graphics.obj
 0001:0000d000       ??H@YA?AUfloat2@@MUint2@@@Z 000000014000e000 f   win32_graphics.obj
 0001:0000d100       ??H@YA?AUfloat2@@MUuint2@@@Z 000000014000e100 f   win32_graphics.obj
 0001:0000d200       ??H@YA?AUfloat2@@MU0@@Z    000000014000e200 f   win32_graphics.obj
 0001:0000d300       ??H@YA?AUfloat2@@HU0@@Z    000000014000e300 f   win32_graphics.obj
 0001:0000d3f0       ??H@YA?AUfloat2@@IU0@@Z    000000014000e3f0 f   win32_graphics.obj
 0001:0000d4f0       ??H@YA?AUint3@@HU0@@Z      000000014000e4f0 f   win32_graphics.obj
 0001:0000d5e0       ??H@YA?AUuint3@@IU0@@Z     000000014000e5e0 f   win32_graphics.obj
 0001:0000d6d0       ??H@YA?AUint3@@HUuint3@@@Z 000000014000e6d0 f   win32_graphics.obj
 0001:0000d7c0       ??H@YA?AUint3@@IU0@@Z      000000014000e7c0 f   win32_graphics.obj
 0001:0000d8b0       ??H@YA?AUfloat3@@MUint3@@@Z 000000014000e8b0 f   win32_graphics.obj
 0001:0000d9b0       ??H@YA?AUfloat3@@MUuint3@@@Z 000000014000e9b0 f   win32_graphics.obj
 0001:0000dab0       ??H@YA?AUfloat3@@MU0@@Z    000000014000eab0 f   win32_graphics.obj
 0001:0000dbb0       ??H@YA?AUfloat3@@HU0@@Z    000000014000ebb0 f   win32_graphics.obj
 0001:0000dca0       ??H@YA?AUfloat3@@IU0@@Z    000000014000eca0 f   win32_graphics.obj
 0001:0000dda0       ??H@YA?AUint4@@HU0@@Z      000000014000eda0 f   win32_graphics.obj
 0001:0000de90       ??H@YA?AUuint4@@IU0@@Z     000000014000ee90 f   win32_graphics.obj
 0001:0000df80       ??H@YA?AUint4@@HUuint4@@@Z 000000014000ef80 f   win32_graphics.obj
 0001:0000e070       ??H@YA?AUint4@@IU0@@Z      000000014000f070 f   win32_graphics.obj
 0001:0000e160       ??H@YA?AUfloat4@@MUint4@@@Z 000000014000f160 f   win32_graphics.obj
 0001:0000e260       ??H@YA?AUfloat4@@MUuint4@@@Z 000000014000f260 f   win32_graphics.obj
 0001:0000e360       ??H@YA?AUfloat4@@MU0@@Z    000000014000f360 f   win32_graphics.obj
 0001:0000e460       ??H@YA?AUfloat4@@HU0@@Z    000000014000f460 f   win32_graphics.obj
 0001:0000e550       ??H@YA?AUfloat4@@IU0@@Z    000000014000f550 f   win32_graphics.obj
 0001:0000e650       ??H@YA?AUint2@@Uint1@@U0@@Z 000000014000f650 f   win32_graphics.obj
 0001:0000e740       ??H@YA?AUuint2@@Uuint1@@U0@@Z 000000014000f740 f   win32_graphics.obj
 0001:0000e830       ??H@YA?AUint2@@Uint1@@Uuint2@@@Z 000000014000f830 f   win32_graphics.obj
 0001:0000e920       ??H@YA?AUint2@@Uuint1@@U0@@Z 000000014000f920 f   win32_graphics.obj
 0001:0000ea10       ??H@YA?AUfloat2@@Ufloat1@@Uint2@@@Z 000000014000fa10 f   win32_graphics.obj
 0001:0000eb20       ??H@YA?AUfloat2@@Ufloat1@@Uuint2@@@Z 000000014000fb20 f   win32_graphics.obj
 0001:0000ec30       ??H@YA?AUfloat2@@Ufloat1@@U0@@Z 000000014000fc30 f   win32_graphics.obj
 0001:0000ed30       ??H@YA?AUfloat2@@Uint1@@U0@@Z 000000014000fd30 f   win32_graphics.obj
 0001:0000ee30       ??H@YA?AUfloat2@@Uuint1@@U0@@Z 000000014000fe30 f   win32_graphics.obj
 0001:0000ef30       ??H@YA?AUint3@@Uint1@@U0@@Z 000000014000ff30 f   win32_graphics.obj
 0001:0000f020       ??H@YA?AUuint3@@Uuint1@@U0@@Z 0000000140010020 f   win32_graphics.obj
 0001:0000f110       ??H@YA?AUint3@@Uint1@@Uuint3@@@Z 0000000140010110 f   win32_graphics.obj
 0001:0000f200       ??H@YA?AUint3@@Uuint1@@U0@@Z 0000000140010200 f   win32_graphics.obj
 0001:0000f2f0       ??H@YA?AUfloat3@@Ufloat1@@Uint3@@@Z 00000001400102f0 f   win32_graphics.obj
 0001:0000f400       ??H@YA?AUfloat3@@Ufloat1@@Uuint3@@@Z 0000000140010400 f   win32_graphics.obj
 0001:0000f510       ??H@YA?AUfloat3@@Ufloat1@@U0@@Z 0000000140010510 f   win32_graphics.obj
 0001:0000f610       ??H@YA?AUfloat3@@Uint1@@U0@@Z 0000000140010610 f   win32_graphics.obj
 0001:0000f710       ??H@YA?AUfloat3@@Uuint1@@U0@@Z 0000000140010710 f   win32_graphics.obj
 0001:0000f810       ??H@YA?AUint4@@Uint1@@U0@@Z 0000000140010810 f   win32_graphics.obj
 0001:0000f900       ??H@YA?AUuint4@@Uuint1@@U0@@Z 0000000140010900 f   win32_graphics.obj
 0001:0000f9f0       ??H@YA?AUint4@@Uint1@@Uuint4@@@Z 00000001400109f0 f   win32_graphics.obj
 0001:0000fae0       ??H@YA?AUint4@@Uuint1@@U0@@Z 0000000140010ae0 f   win32_graphics.obj
 0001:0000fbd0       ??H@YA?AUfloat4@@Ufloat1@@Uint4@@@Z 0000000140010bd0 f   win32_graphics.obj
 0001:0000fce0       ??H@YA?AUfloat4@@Ufloat1@@Uuint4@@@Z 0000000140010ce0 f   win32_graphics.obj
 0001:0000fdf0       ??H@YA?AUfloat4@@Ufloat1@@U0@@Z 0000000140010df0 f   win32_graphics.obj
 0001:0000fef0       ??H@YA?AUfloat4@@Uint1@@U0@@Z 0000000140010ef0 f   win32_graphics.obj
 0001:0000fff0       ??H@YA?AUfloat4@@Uuint1@@U0@@Z 0000000140010ff0 f   win32_graphics.obj
 0001:000100f0       ??H@YA?AUint2@@U0@Uint1@@@Z 00000001400110f0 f   win32_graphics.obj
 0001:000101e0       ??H@YA?AUuint2@@U0@Uuint1@@@Z 00000001400111e0 f   win32_graphics.obj
 0001:000102d0       ??H@YA?AUint2@@U0@Uuint1@@@Z 00000001400112d0 f   win32_graphics.obj
 0001:000103c0       ??H@YA?AUint2@@Uuint2@@Uint1@@@Z 00000001400113c0 f   win32_graphics.obj
 0001:000104b0       ??H@YA?AUfloat2@@U0@Uint1@@@Z 00000001400114b0 f   win32_graphics.obj
 0001:000105c0       ??H@YA?AUfloat2@@U0@Uuint1@@@Z 00000001400115c0 f   win32_graphics.obj
 0001:000106d0       ??H@YA?AUfloat2@@U0@Ufloat1@@@Z 00000001400116d0 f   win32_graphics.obj
 0001:000107d0       ??H@YA?AUfloat2@@Uint2@@Ufloat1@@@Z 00000001400117d0 f   win32_graphics.obj
 0001:000108d0       ??H@YA?AUfloat2@@Uuint2@@Ufloat1@@@Z 00000001400118d0 f   win32_graphics.obj
 0001:000109d0       ??H@YA?AUint3@@U0@Uint1@@@Z 00000001400119d0 f   win32_graphics.obj
 0001:00010ac0       ??H@YA?AUuint3@@U0@Uuint1@@@Z 0000000140011ac0 f   win32_graphics.obj
 0001:00010bb0       ??H@YA?AUint3@@U0@Uuint1@@@Z 0000000140011bb0 f   win32_graphics.obj
 0001:00010ca0       ??H@YA?AUint3@@Uuint3@@Uint1@@@Z 0000000140011ca0 f   win32_graphics.obj
 0001:00010d90       ??H@YA?AUfloat3@@U0@Uint1@@@Z 0000000140011d90 f   win32_graphics.obj
 0001:00010ea0       ??H@YA?AUfloat3@@U0@Uuint1@@@Z 0000000140011ea0 f   win32_graphics.obj
 0001:00010fb0       ??H@YA?AUfloat3@@U0@Ufloat1@@@Z 0000000140011fb0 f   win32_graphics.obj
 0001:000110b0       ??H@YA?AUfloat3@@Uint3@@Ufloat1@@@Z 00000001400120b0 f   win32_graphics.obj
 0001:000111b0       ??H@YA?AUfloat3@@Uuint3@@Ufloat1@@@Z 00000001400121b0 f   win32_graphics.obj
 0001:000112b0       ??H@YA?AUint4@@U0@Uint1@@@Z 00000001400122b0 f   win32_graphics.obj
 0001:000113a0       ??H@YA?AUuint4@@U0@Uuint1@@@Z 00000001400123a0 f   win32_graphics.obj
 0001:00011490       ??H@YA?AUint4@@U0@Uuint1@@@Z 0000000140012490 f   win32_graphics.obj
 0001:00011580       ??H@YA?AUint4@@Uuint4@@Uint1@@@Z 0000000140012580 f   win32_graphics.obj
 0001:00011670       ??H@YA?AUfloat4@@U0@Uint1@@@Z 0000000140012670 f   win32_graphics.obj
 0001:00011780       ??H@YA?AUfloat4@@U0@Uuint1@@@Z 0000000140012780 f   win32_graphics.obj
 0001:00011890       ??H@YA?AUfloat4@@U0@Ufloat1@@@Z 0000000140012890 f   win32_graphics.obj
 0001:00011990       ??H@YA?AUfloat4@@Uint4@@Ufloat1@@@Z 0000000140012990 f   win32_graphics.obj
 0001:00011a90       ??H@YA?AUfloat4@@Uuint4@@Ufloat1@@@Z 0000000140012a90 f   win32_graphics.obj
 0001:00011b90       ??Y@YAAEAUint1@@AEAU0@U0@@Z 0000000140012b90 f   win32_graphics.obj
 0001:00011c40       ??Y@YAAEAUint1@@AEAU0@Uuint1@@@Z 0000000140012c40 f   win32_graphics.obj
 0001:00011cf0       ??Y@YAAEAUuint1@@AEAU0@U0@@Z 0000000140012cf0 f   win32_graphics.obj
 0001:00011da0       ??Y@YAAEAUuint1@@AEAU0@Uint1@@@Z 0000000140012da0 f   win32_graphics.obj
 0001:00011e60       ??Y@YAAEAUfloat1@@AEAU0@Uint1@@@Z 0000000140012e60 f   win32_graphics.obj
 0001:00011f10       ??Y@YAAEAUfloat1@@AEAU0@Uuint1@@@Z 0000000140012f10 f   win32_graphics.obj
 0001:00011fc0       ??Y@YAAEAUfloat1@@AEAU0@U0@@Z 0000000140012fc0 f   win32_graphics.obj
 0001:00012070       ??Y@YAAEAUint2@@AEAU0@U0@@Z 0000000140013070 f   win32_graphics.obj
 0001:00012100       ??Y@YAAEAUint2@@AEAU0@Uuint2@@@Z 0000000140013100 f   win32_graphics.obj
 0001:00012190       ??Y@YAAEAUuint2@@AEAU0@U0@@Z 0000000140013190 f   win32_graphics.obj
 0001:00012220       ??Y@YAAEAUuint2@@AEAU0@Uint2@@@Z 0000000140013220 f   win32_graphics.obj
 0001:000122c0       ??Y@YAAEAUfloat2@@AEAU0@Uint2@@@Z 00000001400132c0 f   win32_graphics.obj
 0001:00012350       ??Y@YAAEAUfloat2@@AEAU0@Uuint2@@@Z 0000000140013350 f   win32_graphics.obj
 0001:000123e0       ??Y@YAAEAUfloat2@@AEAU0@U0@@Z 00000001400133e0 f   win32_graphics.obj
 0001:00012470       ??Y@YAAEAUint3@@AEAU0@U0@@Z 0000000140013470 f   win32_graphics.obj
 0001:00012500       ??Y@YAAEAUint3@@AEAU0@Uuint3@@@Z 0000000140013500 f   win32_graphics.obj
 0001:00012590       ??Y@YAAEAUuint3@@AEAU0@U0@@Z 0000000140013590 f   win32_graphics.obj
 0001:00012620       ??Y@YAAEAUuint3@@AEAU0@Uint3@@@Z 0000000140013620 f   win32_graphics.obj
 0001:000126c0       ??Y@YAAEAUfloat3@@AEAU0@Uint3@@@Z 00000001400136c0 f   win32_graphics.obj
 0001:00012750       ??Y@YAAEAUfloat3@@AEAU0@Uuint3@@@Z 0000000140013750 f   win32_graphics.obj
 0001:000127e0       ??Y@YAAEAUfloat3@@AEAU0@U0@@Z 00000001400137e0 f   win32_graphics.obj
 0001:00012870       ??Y@YAAEAUint4@@AEAU0@U0@@Z 0000000140013870 f   win32_graphics.obj
 0001:00012900       ??Y@YAAEAUint4@@AEAU0@Uuint4@@@Z 0000000140013900 f   win32_graphics.obj
 0001:00012990       ??Y@YAAEAUuint4@@AEAU0@U0@@Z 0000000140013990 f   win32_graphics.obj
 0001:00012a20       ??Y@YAAEAUuint4@@AEAU0@Uint4@@@Z 0000000140013a20 f   win32_graphics.obj
 0001:00012ad0       ??Y@YAAEAUfloat4@@AEAU0@Uint4@@@Z 0000000140013ad0 f   win32_graphics.obj
 0001:00012b60       ??Y@YAAEAUfloat4@@AEAU0@Uuint4@@@Z 0000000140013b60 f   win32_graphics.obj
 0001:00012bf0       ??Y@YAAEAUfloat4@@AEAU0@U0@@Z 0000000140013bf0 f   win32_graphics.obj
 0001:00012c80       ??Y@YAAEAUint2@@AEAU0@Uint1@@@Z 0000000140013c80 f   win32_graphics.obj
 0001:00012d10       ??Y@YAAEAUint2@@AEAU0@Uuint1@@@Z 0000000140013d10 f   win32_graphics.obj
 0001:00012da0       ??Y@YAAEAUuint2@@AEAU0@Uuint1@@@Z 0000000140013da0 f   win32_graphics.obj
 0001:00012e30       ??Y@YAAEAUuint2@@AEAU0@Uint1@@@Z 0000000140013e30 f   win32_graphics.obj
 0001:00012ed0       ??Y@YAAEAUfloat2@@AEAU0@Uint1@@@Z 0000000140013ed0 f   win32_graphics.obj
 0001:00012f60       ??Y@YAAEAUfloat2@@AEAU0@Uuint1@@@Z 0000000140013f60 f   win32_graphics.obj
 0001:00012ff0       ??Y@YAAEAUfloat2@@AEAU0@Ufloat1@@@Z 0000000140013ff0 f   win32_graphics.obj
 0001:00013080       ??Y@YAAEAUint3@@AEAU0@Uint1@@@Z 0000000140014080 f   win32_graphics.obj
 0001:00013110       ??Y@YAAEAUint3@@AEAU0@Uuint1@@@Z 0000000140014110 f   win32_graphics.obj
 0001:000131a0       ??Y@YAAEAUuint3@@AEAU0@Uuint1@@@Z 00000001400141a0 f   win32_graphics.obj
 0001:00013230       ??Y@YAAEAUuint3@@AEAU0@Uint1@@@Z 0000000140014230 f   win32_graphics.obj
 0001:000132d0       ??Y@YAAEAUfloat3@@AEAU0@Uint1@@@Z 00000001400142d0 f   win32_graphics.obj
 0001:00013360       ??Y@YAAEAUfloat3@@AEAU0@Uuint1@@@Z 0000000140014360 f   win32_graphics.obj
 0001:000133f0       ??Y@YAAEAUfloat3@@AEAU0@Ufloat1@@@Z 00000001400143f0 f   win32_graphics.obj
 0001:00013480       ??Y@YAAEAUint4@@AEAU0@Uint1@@@Z 0000000140014480 f   win32_graphics.obj
 0001:00013510       ??Y@YAAEAUint4@@AEAU0@Uuint1@@@Z 0000000140014510 f   win32_graphics.obj
 0001:000135a0       ??Y@YAAEAUuint4@@AEAU0@Uuint1@@@Z 00000001400145a0 f   win32_graphics.obj
 0001:00013630       ??Y@YAAEAUuint4@@AEAU0@Uint1@@@Z 0000000140014630 f   win32_graphics.obj
 0001:000136d0       ??Y@YAAEAUfloat4@@AEAU0@Uint1@@@Z 00000001400146d0 f   win32_graphics.obj
 0001:00013760       ??Y@YAAEAUfloat4@@AEAU0@Uuint1@@@Z 0000000140014760 f   win32_graphics.obj
 0001:000137f0       ??Y@YAAEAUfloat4@@AEAU0@Ufloat1@@@Z 00000001400147f0 f   win32_graphics.obj
 0001:00013880       ??Y@YAAEAUint1@@AEAU0@H@Z  0000000140014880 f   win32_graphics.obj
 0001:00013910       ??Y@YAAEAUint1@@AEAU0@I@Z  0000000140014910 f   win32_graphics.obj
 0001:000139a0       ??Y@YAAEAUuint1@@AEAU0@I@Z 00000001400149a0 f   win32_graphics.obj
 0001:00013a30       ??Y@YAAEAUuint1@@AEAU0@H@Z 0000000140014a30 f   win32_graphics.obj
 0001:00013ae0       ??Y@YAAEAUfloat1@@AEAU0@H@Z 0000000140014ae0 f   win32_graphics.obj
 0001:00013b70       ??Y@YAAEAUfloat1@@AEAU0@I@Z 0000000140014b70 f   win32_graphics.obj
 0001:00013c00       ??Y@YAAEAUfloat1@@AEAU0@M@Z 0000000140014c00 f   win32_graphics.obj
 0001:00013c90       ??Y@YAAEAUint2@@AEAU0@H@Z  0000000140014c90 f   win32_graphics.obj
 0001:00013d00       ??Y@YAAEAUint2@@AEAU0@I@Z  0000000140014d00 f   win32_graphics.obj
 0001:00013d70       ??Y@YAAEAUuint2@@AEAU0@I@Z 0000000140014d70 f   win32_graphics.obj
 0001:00013de0       ??Y@YAAEAUuint2@@AEAU0@H@Z 0000000140014de0 f   win32_graphics.obj
 0001:00013e60       ??Y@YAAEAUfloat2@@AEAU0@H@Z 0000000140014e60 f   win32_graphics.obj
 0001:00013ed0       ??Y@YAAEAUfloat2@@AEAU0@I@Z 0000000140014ed0 f   win32_graphics.obj
 0001:00013f40       ??Y@YAAEAUfloat2@@AEAU0@M@Z 0000000140014f40 f   win32_graphics.obj
 0001:00013fb0       ??Y@YAAEAUint3@@AEAU0@H@Z  0000000140014fb0 f   win32_graphics.obj
 0001:00014020       ??Y@YAAEAUint3@@AEAU0@I@Z  0000000140015020 f   win32_graphics.obj
 0001:00014090       ??Y@YAAEAUuint3@@AEAU0@I@Z 0000000140015090 f   win32_graphics.obj
 0001:00014100       ??Y@YAAEAUuint3@@AEAU0@H@Z 0000000140015100 f   win32_graphics.obj
 0001:00014180       ??Y@YAAEAUfloat3@@AEAU0@H@Z 0000000140015180 f   win32_graphics.obj
 0001:000141f0       ??Y@YAAEAUfloat3@@AEAU0@I@Z 00000001400151f0 f   win32_graphics.obj
 0001:00014260       ??Y@YAAEAUfloat3@@AEAU0@M@Z 0000000140015260 f   win32_graphics.obj
 0001:000142d0       ??Y@YAAEAUint4@@AEAU0@H@Z  00000001400152d0 f   win32_graphics.obj
 0001:00014340       ??Y@YAAEAUint4@@AEAU0@I@Z  0000000140015340 f   win32_graphics.obj
 0001:000143b0       ??Y@YAAEAUuint4@@AEAU0@I@Z 00000001400153b0 f   win32_graphics.obj
 0001:00014420       ??Y@YAAEAUuint4@@AEAU0@H@Z 0000000140015420 f   win32_graphics.obj
 0001:000144a0       ??Y@YAAEAUfloat4@@AEAU0@H@Z 00000001400154a0 f   win32_graphics.obj
 0001:00014510       ??Y@YAAEAUfloat4@@AEAU0@I@Z 0000000140015510 f   win32_graphics.obj
 0001:00014580       ??Y@YAAEAUfloat4@@AEAU0@M@Z 0000000140015580 f   win32_graphics.obj
 0001:000145f0       ??G@YA?AUint1@@U0@0@Z      00000001400155f0 f   win32_graphics.obj
 0001:00014710       ??G@YA?AUuint1@@U0@0@Z     0000000140015710 f   win32_graphics.obj
 0001:00014830       ??G@YA?AUfloat1@@U0@0@Z    0000000140015830 f   win32_graphics.obj
 0001:00014960       ??G@YA?AUint1@@U0@Uuint1@@@Z 0000000140015960 f   win32_graphics.obj
 0001:00014a80       ??G@YA?AUint1@@Uuint1@@U0@@Z 0000000140015a80 f   win32_graphics.obj
 0001:00014ba0       ??G@YA?AUfloat1@@U0@Uuint1@@@Z 0000000140015ba0 f   win32_graphics.obj
 0001:00014ce0       ??G@YA?AUfloat1@@U0@Uint1@@@Z 0000000140015ce0 f   win32_graphics.obj
 0001:00014e10       ??G@YA?AUfloat1@@Uuint1@@U0@@Z 0000000140015e10 f   win32_graphics.obj
 0001:00014f40       ??G@YA?AUfloat1@@Uint1@@U0@@Z 0000000140015f40 f   win32_graphics.obj
 0001:00015070       ??G@YA?AUint2@@U0@0@Z      0000000140016070 f   win32_graphics.obj
 0001:00015170       ??G@YA?AUuint2@@U0@0@Z     0000000140016170 f   win32_graphics.obj
 0001:00015270       ??G@YA?AUfloat2@@U0@0@Z    0000000140016270 f   win32_graphics.obj
 0001:00015380       ??G@YA?AUint2@@U0@Uuint2@@@Z 0000000140016380 f   win32_graphics.obj
 0001:00015480       ??G@YA?AUint2@@Uuint2@@U0@@Z 0000000140016480 f   win32_graphics.obj
 0001:00015580       ??G@YA?AUfloat2@@U0@Uuint2@@@Z 0000000140016580 f   win32_graphics.obj
 0001:000156a0       ??G@YA?AUfloat2@@U0@Uint2@@@Z 00000001400166a0 f   win32_graphics.obj
 0001:000157b0       ??G@YA?AUfloat2@@Uuint2@@U0@@Z 00000001400167b0 f   win32_graphics.obj
 0001:000158c0       ??G@YA?AUfloat2@@Uint2@@U0@@Z 00000001400168c0 f   win32_graphics.obj
 0001:000159d0       ??G@YA?AUint3@@U0@0@Z      00000001400169d0 f   win32_graphics.obj
 0001:00015ad0       ??G@YA?AUuint3@@U0@0@Z     0000000140016ad0 f   win32_graphics.obj
 0001:00015bd0       ??G@YA?AUfloat3@@U0@0@Z    0000000140016bd0 f   win32_graphics.obj
 0001:00015ce0       ??G@YA?AUint3@@U0@Uuint3@@@Z 0000000140016ce0 f   win32_graphics.obj
 0001:00015de0       ??G@YA?AUint3@@Uuint3@@U0@@Z 0000000140016de0 f   win32_graphics.obj
 0001:00015ee0       ??G@YA?AUfloat3@@U0@Uuint3@@@Z 0000000140016ee0 f   win32_graphics.obj
 0001:00016000       ??G@YA?AUfloat3@@U0@Uint3@@@Z 0000000140017000 f   win32_graphics.obj
 0001:00016110       ??G@YA?AUfloat3@@Uuint3@@U0@@Z 0000000140017110 f   win32_graphics.obj
 0001:00016220       ??G@YA?AUfloat3@@Uint3@@U0@@Z 0000000140017220 f   win32_graphics.obj
 0001:00016330       ??G@YA?AUint4@@U0@0@Z      0000000140017330 f   win32_graphics.obj
 0001:00016430       ??G@YA?AUuint4@@U0@0@Z     0000000140017430 f   win32_graphics.obj
 0001:00016530       ??G@YA?AUfloat4@@U0@0@Z    0000000140017530 f   win32_graphics.obj
 0001:00016640       ??G@YA?AUint4@@U0@Uuint4@@@Z 0000000140017640 f   win32_graphics.obj
 0001:00016740       ??G@YA?AUint4@@Uuint4@@U0@@Z 0000000140017740 f   win32_graphics.obj
 0001:00016840       ??G@YA?AUfloat4@@U0@Uuint4@@@Z 0000000140017840 f   win32_graphics.obj
 0001:00016960       ??G@YA?AUfloat4@@U0@Uint4@@@Z 0000000140017960 f   win32_graphics.obj
 0001:00016a70       ??G@YA?AUfloat4@@Uuint4@@U0@@Z 0000000140017a70 f   win32_graphics.obj
 0001:00016b80       ??G@YA?AUfloat4@@Uint4@@U0@@Z 0000000140017b80 f   win32_graphics.obj
 0001:00016c90       ??G@YA?AUint1@@U0@H@Z      0000000140017c90 f   win32_graphics.obj
 0001:00016da0       ??G@YA?AUuint1@@U0@I@Z     0000000140017da0 f   win32_graphics.obj
 0001:00016eb0       ??G@YA?AUfloat1@@U0@M@Z    0000000140017eb0 f   win32_graphics.obj
 0001:00016fd0       ??G@YA?AUint1@@U0@I@Z      0000000140017fd0 f   win32_graphics.obj
 0001:000170e0       ??G@YA?AUint1@@Uuint1@@H@Z 00000001400180e0 f   win32_graphics.obj
 0001:000171f0       ??G@YA?AUfloat1@@U0@H@Z    00000001400181f0 f   win32_graphics.obj
 0001:00017310       ??G@YA?AUfloat1@@U0@I@Z    0000000140018310 f   win32_graphics.obj
 0001:00017430       ??G@YA?AUfloat1@@Uint1@@M@Z 0000000140018430 f   win32_graphics.obj
 0001:00017550       ??G@YA?AUfloat1@@Uuint1@@M@Z 0000000140018550 f   win32_graphics.obj
 0001:00017670       ??G@YA?AUint2@@U0@H@Z      0000000140018670 f   win32_graphics.obj
 0001:00017760       ??G@YA?AUuint2@@U0@I@Z     0000000140018760 f   win32_graphics.obj
 0001:00017850       ??G@YA?AUfloat2@@U0@M@Z    0000000140018850 f   win32_graphics.obj
 0001:00017950       ??G@YA?AUint2@@U0@I@Z      0000000140018950 f   win32_graphics.obj
 0001:00017a40       ??G@YA?AUint2@@Uuint2@@H@Z 0000000140018a40 f   win32_graphics.obj
 0001:00017b30       ??G@YA?AUfloat2@@U0@H@Z    0000000140018b30 f   win32_graphics.obj
 0001:00017c30       ??G@YA?AUfloat2@@U0@I@Z    0000000140018c30 f   win32_graphics.obj
 0001:00017d30       ??G@YA?AUfloat2@@Uint2@@M@Z 0000000140018d30 f   win32_graphics.obj
 0001:00017e20       ??G@YA?AUfloat2@@Uuint2@@M@Z 0000000140018e20 f   win32_graphics.obj
 0001:00017f20       ??G@YA?AUint3@@U0@H@Z      0000000140018f20 f   win32_graphics.obj
 0001:00018010       ??G@YA?AUuint3@@U0@I@Z     0000000140019010 f   win32_graphics.obj
 0001:00018100       ??G@YA?AUfloat3@@U0@M@Z    0000000140019100 f   win32_graphics.obj
 0001:00018200       ??G@YA?AUint3@@U0@I@Z      0000000140019200 f   win32_graphics.obj
 0001:000182f0       ??G@YA?AUint3@@Uuint3@@H@Z 00000001400192f0 f   win32_graphics.obj
 0001:000183e0       ??G@YA?AUfloat3@@U0@H@Z    00000001400193e0 f   win32_graphics.obj
 0001:000184e0       ??G@YA?AUfloat3@@U0@I@Z    00000001400194e0 f   win32_graphics.obj
 0001:000185e0       ??G@YA?AUfloat3@@Uint3@@M@Z 00000001400195e0 f   win32_graphics.obj
 0001:000186d0       ??G@YA?AUfloat3@@Uuint3@@M@Z 00000001400196d0 f   win32_graphics.obj
 0001:000187d0       ??G@YA?AUint4@@U0@H@Z      00000001400197d0 f   win32_graphics.obj
 0001:000188c0       ??G@YA?AUuint4@@U0@I@Z     00000001400198c0 f   win32_graphics.obj
 0001:000189b0       ??G@YA?AUfloat4@@U0@M@Z    00000001400199b0 f   win32_graphics.obj
 0001:00018ab0       ??G@YA?AUint4@@U0@I@Z      0000000140019ab0 f   win32_graphics.obj
 0001:00018ba0       ??G@YA?AUint4@@Uuint4@@H@Z 0000000140019ba0 f   win32_graphics.obj
 0001:00018c90       ??G@YA?AUfloat4@@U0@H@Z    0000000140019c90 f   win32_graphics.obj
 0001:00018d90       ??G@YA?AUfloat4@@U0@I@Z    0000000140019d90 f   win32_graphics.obj
 0001:00018e90       ??G@YA?AUfloat4@@Uint4@@M@Z 0000000140019e90 f   win32_graphics.obj
 0001:00018f80       ??G@YA?AUfloat4@@Uuint4@@M@Z 0000000140019f80 f   win32_graphics.obj
 0001:00019080       ??G@YA?AUint1@@HU0@@Z      000000014001a080 f   win32_graphics.obj
 0001:00019190       ??G@YA?AUuint1@@IU0@@Z     000000014001a190 f   win32_graphics.obj
 0001:000192a0       ??G@YA?AUfloat1@@MU0@@Z    000000014001a2a0 f   win32_graphics.obj
 0001:000193c0       ??G@YA?AUint1@@HUuint1@@@Z 000000014001a3c0 f   win32_graphics.obj
 0001:000194d0       ??G@YA?AUint1@@IU0@@Z      000000014001a4d0 f   win32_graphics.obj
 0001:000195e0       ??G@YA?AUfloat1@@MUint1@@@Z 000000014001a5e0 f   win32_graphics.obj
 0001:00019700       ??G@YA?AUfloat1@@MUuint1@@@Z 000000014001a700 f   win32_graphics.obj
 0001:00019820       ??G@YA?AUfloat1@@HU0@@Z    000000014001a820 f   win32_graphics.obj
 0001:00019930       ??G@YA?AUfloat1@@IU0@@Z    000000014001a930 f   win32_graphics.obj
 0001:00019a50       ??G@YA?AUint2@@HU0@@Z      000000014001aa50 f   win32_graphics.obj
 0001:00019b40       ??G@YA?AUuint2@@IU0@@Z     000000014001ab40 f   win32_graphics.obj
 0001:00019c30       ??G@YA?AUint2@@HUuint2@@@Z 000000014001ac30 f   win32_graphics.obj
 0001:00019d20       ??G@YA?AUint2@@IU0@@Z      000000014001ad20 f   win32_graphics.obj
 0001:00019e10       ??G@YA?AUfloat2@@MUint2@@@Z 000000014001ae10 f   win32_graphics.obj
 0001:00019f10       ??G@YA?AUfloat2@@MUuint2@@@Z 000000014001af10 f   win32_graphics.obj
 0001:0001a010       ??G@YA?AUfloat2@@MU0@@Z    000000014001b010 f   win32_graphics.obj
 0001:0001a110       ??G@YA?AUfloat2@@HU0@@Z    000000014001b110 f   win32_graphics.obj
 0001:0001a200       ??G@YA?AUfloat2@@IU0@@Z    000000014001b200 f   win32_graphics.obj
 0001:0001a300       ??G@YA?AUint3@@HU0@@Z      000000014001b300 f   win32_graphics.obj
 0001:0001a3f0       ??G@YA?AUuint3@@IU0@@Z     000000014001b3f0 f   win32_graphics.obj
 0001:0001a4e0       ??G@YA?AUint3@@HUuint3@@@Z 000000014001b4e0 f   win32_graphics.obj
 0001:0001a5d0       ??G@YA?AUint3@@IU0@@Z      000000014001b5d0 f   win32_graphics.obj
 0001:0001a6c0       ??G@YA?AUfloat3@@MUint3@@@Z 000000014001b6c0 f   win32_graphics.obj
 0001:0001a7c0       ??G@YA?AUfloat3@@MUuint3@@@Z 000000014001b7c0 f   win32_graphics.obj
 0001:0001a8c0       ??G@YA?AUfloat3@@MU0@@Z    000000014001b8c0 f   win32_graphics.obj
 0001:0001a9c0       ??G@YA?AUfloat3@@HU0@@Z    000000014001b9c0 f   win32_graphics.obj
 0001:0001aab0       ??G@YA?AUfloat3@@IU0@@Z    000000014001bab0 f   win32_graphics.obj
 0001:0001abb0       ??G@YA?AUint4@@HU0@@Z      000000014001bbb0 f   win32_graphics.obj
 0001:0001aca0       ??G@YA?AUuint4@@IU0@@Z     000000014001bca0 f   win32_graphics.obj
 0001:0001ad90       ??G@YA?AUint4@@HUuint4@@@Z 000000014001bd90 f   win32_graphics.obj
 0001:0001ae80       ??G@YA?AUint4@@IU0@@Z      000000014001be80 f   win32_graphics.obj
 0001:0001af70       ??G@YA?AUfloat4@@MUint4@@@Z 000000014001bf70 f   win32_graphics.obj
 0001:0001b070       ??G@YA?AUfloat4@@MUuint4@@@Z 000000014001c070 f   win32_graphics.obj
 0001:0001b170       ??G@YA?AUfloat4@@MU0@@Z    000000014001c170 f   win32_graphics.obj
 0001:0001b270       ??G@YA?AUfloat4@@HU0@@Z    000000014001c270 f   win32_graphics.obj
 0001:0001b360       ??G@YA?AUfloat4@@IU0@@Z    000000014001c360 f   win32_graphics.obj
 0001:0001b460       ??G@YA?AUint2@@Uint1@@U0@@Z 000000014001c460 f   win32_graphics.obj
 0001:0001b550       ??G@YA?AUuint2@@Uuint1@@U0@@Z 000000014001c550 f   win32_graphics.obj
 0001:0001b640       ??G@YA?AUint2@@Uint1@@Uuint2@@@Z 000000014001c640 f   win32_graphics.obj
 0001:0001b730       ??G@YA?AUint2@@Uuint1@@U0@@Z 000000014001c730 f   win32_graphics.obj
 0001:0001b820       ??G@YA?AUfloat2@@Ufloat1@@Uint2@@@Z 000000014001c820 f   win32_graphics.obj
 0001:0001b930       ??G@YA?AUfloat2@@Ufloat1@@Uuint2@@@Z 000000014001c930 f   win32_graphics.obj
 0001:0001ba40       ??G@YA?AUfloat2@@Ufloat1@@U0@@Z 000000014001ca40 f   win32_graphics.obj
 0001:0001bb40       ??G@YA?AUfloat2@@Uint1@@U0@@Z 000000014001cb40 f   win32_graphics.obj
 0001:0001bc40       ??G@YA?AUfloat2@@Uuint1@@U0@@Z 000000014001cc40 f   win32_graphics.obj
 0001:0001bd40       ??G@YA?AUint3@@Uint1@@U0@@Z 000000014001cd40 f   win32_graphics.obj
 0001:0001be30       ??G@YA?AUuint3@@Uuint1@@U0@@Z 000000014001ce30 f   win32_graphics.obj
 0001:0001bf20       ??G@YA?AUint3@@Uint1@@Uuint3@@@Z 000000014001cf20 f   win32_graphics.obj
 0001:0001c010       ??G@YA?AUint3@@Uuint1@@U0@@Z 000000014001d010 f   win32_graphics.obj
 0001:0001c100       ??G@YA?AUfloat3@@Ufloat1@@Uint3@@@Z 000000014001d100 f   win32_graphics.obj
 0001:0001c210       ??G@YA?AUfloat3@@Ufloat1@@Uuint3@@@Z 000000014001d210 f   win32_graphics.obj
 0001:0001c320       ??G@YA?AUfloat3@@Ufloat1@@U0@@Z 000000014001d320 f   win32_graphics.obj
 0001:0001c420       ??G@YA?AUfloat3@@Uint1@@U0@@Z 000000014001d420 f   win32_graphics.obj
 0001:0001c520       ??G@YA?AUfloat3@@Uuint1@@U0@@Z 000000014001d520 f   win32_graphics.obj
 0001:0001c620       ??G@YA?AUint4@@Uint1@@U0@@Z 000000014001d620 f   win32_graphics.obj
 0001:0001c710       ??G@YA?AUuint4@@Uuint1@@U0@@Z 000000014001d710 f   win32_graphics.obj
 0001:0001c800       ??G@YA?AUint4@@Uint1@@Uuint4@@@Z 000000014001d800 f   win32_graphics.obj
 0001:0001c8f0       ??G@YA?AUint4@@Uuint1@@U0@@Z 000000014001d8f0 f   win32_graphics.obj
 0001:0001c9e0       ??G@YA?AUfloat4@@Ufloat1@@Uint4@@@Z 000000014001d9e0 f   win32_graphics.obj
 0001:0001caf0       ??G@YA?AUfloat4@@Ufloat1@@Uuint4@@@Z 000000014001daf0 f   win32_graphics.obj
 0001:0001cc00       ??G@YA?AUfloat4@@Ufloat1@@U0@@Z 000000014001dc00 f   win32_graphics.obj
 0001:0001cd00       ??G@YA?AUfloat4@@Uint1@@U0@@Z 000000014001dd00 f   win32_graphics.obj
 0001:0001ce00       ??G@YA?AUfloat4@@Uuint1@@U0@@Z 000000014001de00 f   win32_graphics.obj
 0001:0001cf00       ??G@YA?AUint2@@U0@Uint1@@@Z 000000014001df00 f   win32_graphics.obj
 0001:0001cff0       ??G@YA?AUuint2@@U0@Uuint1@@@Z 000000014001dff0 f   win32_graphics.obj
 0001:0001d0e0       ??G@YA?AUint2@@U0@Uuint1@@@Z 000000014001e0e0 f   win32_graphics.obj
 0001:0001d1d0       ??G@YA?AUint2@@Uuint2@@Uint1@@@Z 000000014001e1d0 f   win32_graphics.obj
 0001:0001d2c0       ??G@YA?AUfloat2@@U0@Uint1@@@Z 000000014001e2c0 f   win32_graphics.obj
 0001:0001d3d0       ??G@YA?AUfloat2@@U0@Uuint1@@@Z 000000014001e3d0 f   win32_graphics.obj
 0001:0001d4e0       ??G@YA?AUfloat2@@U0@Ufloat1@@@Z 000000014001e4e0 f   win32_graphics.obj
 0001:0001d5e0       ??G@YA?AUfloat2@@Uint2@@Ufloat1@@@Z 000000014001e5e0 f   win32_graphics.obj
 0001:0001d6e0       ??G@YA?AUfloat2@@Uuint2@@Ufloat1@@@Z 000000014001e6e0 f   win32_graphics.obj
 0001:0001d7e0       ??G@YA?AUint3@@U0@Uint1@@@Z 000000014001e7e0 f   win32_graphics.obj
 0001:0001d8d0       ??G@YA?AUuint3@@U0@Uuint1@@@Z 000000014001e8d0 f   win32_graphics.obj
 0001:0001d9c0       ??G@YA?AUint3@@U0@Uuint1@@@Z 000000014001e9c0 f   win32_graphics.obj
 0001:0001dab0       ??G@YA?AUint3@@Uuint3@@Uint1@@@Z 000000014001eab0 f   win32_graphics.obj
 0001:0001dba0       ??G@YA?AUfloat3@@U0@Uint1@@@Z 000000014001eba0 f   win32_graphics.obj
 0001:0001dcb0       ??G@YA?AUfloat3@@U0@Uuint1@@@Z 000000014001ecb0 f   win32_graphics.obj
 0001:0001ddc0       ??G@YA?AUfloat3@@U0@Ufloat1@@@Z 000000014001edc0 f   win32_graphics.obj
 0001:0001dec0       ??G@YA?AUfloat3@@Uint3@@Ufloat1@@@Z 000000014001eec0 f   win32_graphics.obj
 0001:0001dfc0       ??G@YA?AUfloat3@@Uuint3@@Ufloat1@@@Z 000000014001efc0 f   win32_graphics.obj
 0001:0001e0c0       ??G@YA?AUint4@@U0@Uint1@@@Z 000000014001f0c0 f   win32_graphics.obj
 0001:0001e1b0       ??G@YA?AUuint4@@U0@Uuint1@@@Z 000000014001f1b0 f   win32_graphics.obj
 0001:0001e2a0       ??G@YA?AUint4@@U0@Uuint1@@@Z 000000014001f2a0 f   win32_graphics.obj
 0001:0001e390       ??G@YA?AUint4@@Uuint4@@Uint1@@@Z 000000014001f390 f   win32_graphics.obj
 0001:0001e480       ??G@YA?AUfloat4@@U0@Uint1@@@Z 000000014001f480 f   win32_graphics.obj
 0001:0001e590       ??G@YA?AUfloat4@@U0@Uuint1@@@Z 000000014001f590 f   win32_graphics.obj
 0001:0001e6a0       ??G@YA?AUfloat4@@U0@Ufloat1@@@Z 000000014001f6a0 f   win32_graphics.obj
 0001:0001e7a0       ??G@YA?AUfloat4@@Uint4@@Ufloat1@@@Z 000000014001f7a0 f   win32_graphics.obj
 0001:0001e8a0       ??G@YA?AUfloat4@@Uuint4@@Ufloat1@@@Z 000000014001f8a0 f   win32_graphics.obj
 0001:0001e9a0       ??Z@YAAEAUint1@@AEAU0@U0@@Z 000000014001f9a0 f   win32_graphics.obj
 0001:0001ea50       ??Z@YAAEAUint1@@AEAU0@Uuint1@@@Z 000000014001fa50 f   win32_graphics.obj
 0001:0001eb00       ??Z@YAAEAUuint1@@AEAU0@U0@@Z 000000014001fb00 f   win32_graphics.obj
 0001:0001ebb0       ??Z@YAAEAUuint1@@AEAU0@Uint1@@@Z 000000014001fbb0 f   win32_graphics.obj
 0001:0001ec70       ??Z@YAAEAUfloat1@@AEAU0@Uint1@@@Z 000000014001fc70 f   win32_graphics.obj
 0001:0001ed20       ??Z@YAAEAUfloat1@@AEAU0@Uuint1@@@Z 000000014001fd20 f   win32_graphics.obj
 0001:0001edd0       ??Z@YAAEAUfloat1@@AEAU0@U0@@Z 000000014001fdd0 f   win32_graphics.obj
 0001:0001ee80       ??Z@YAAEAUint2@@AEAU0@U0@@Z 000000014001fe80 f   win32_graphics.obj
 0001:0001ef10       ??Z@YAAEAUint2@@AEAU0@Uuint2@@@Z 000000014001ff10 f   win32_graphics.obj
 0001:0001efa0       ??Z@YAAEAUuint2@@AEAU0@U0@@Z 000000014001ffa0 f   win32_graphics.obj
 0001:0001f030       ??Z@YAAEAUuint2@@AEAU0@Uint2@@@Z 0000000140020030 f   win32_graphics.obj
 0001:0001f0d0       ??Z@YAAEAUfloat2@@AEAU0@Uint2@@@Z 00000001400200d0 f   win32_graphics.obj
 0001:0001f160       ??Z@YAAEAUfloat2@@AEAU0@Uuint2@@@Z 0000000140020160 f   win32_graphics.obj
 0001:0001f1f0       ??Z@YAAEAUfloat2@@AEAU0@U0@@Z 00000001400201f0 f   win32_graphics.obj
 0001:0001f280       ??Z@YAAEAUint3@@AEAU0@U0@@Z 0000000140020280 f   win32_graphics.obj
 0001:0001f310       ??Z@YAAEAUint3@@AEAU0@Uuint3@@@Z 0000000140020310 f   win32_graphics.obj
 0001:0001f3a0       ??Z@YAAEAUuint3@@AEAU0@U0@@Z 00000001400203a0 f   win32_graphics.obj
 0001:0001f430       ??Z@YAAEAUuint3@@AEAU0@Uint3@@@Z 0000000140020430 f   win32_graphics.obj
 0001:0001f4d0       ??Z@YAAEAUfloat3@@AEAU0@Uint3@@@Z 00000001400204d0 f   win32_graphics.obj
 0001:0001f560       ??Z@YAAEAUfloat3@@AEAU0@Uuint3@@@Z 0000000140020560 f   win32_graphics.obj
 0001:0001f5f0       ??Z@YAAEAUfloat3@@AEAU0@U0@@Z 00000001400205f0 f   win32_graphics.obj
 0001:0001f680       ??Z@YAAEAUint4@@AEAU0@U0@@Z 0000000140020680 f   win32_graphics.obj
 0001:0001f710       ??Z@YAAEAUint4@@AEAU0@Uuint4@@@Z 0000000140020710 f   win32_graphics.obj
 0001:0001f7a0       ??Z@YAAEAUuint4@@AEAU0@U0@@Z 00000001400207a0 f   win32_graphics.obj
 0001:0001f830       ??Z@YAAEAUuint4@@AEAU0@Uint4@@@Z 0000000140020830 f   win32_graphics.obj
 0001:0001f8e0       ??Z@YAAEAUfloat4@@AEAU0@Uint4@@@Z 00000001400208e0 f   win32_graphics.obj
 0001:0001f970       ??Z@YAAEAUfloat4@@AEAU0@Uuint4@@@Z 0000000140020970 f   win32_graphics.obj
 0001:0001fa00       ??Z@YAAEAUfloat4@@AEAU0@U0@@Z 0000000140020a00 f   win32_graphics.obj
 0001:0001fa90       ??Z@YAAEAUint2@@AEAU0@Uint1@@@Z 0000000140020a90 f   win32_graphics.obj
 0001:0001fb20       ??Z@YAAEAUint2@@AEAU0@Uuint1@@@Z 0000000140020b20 f   win32_graphics.obj
 0001:0001fbb0       ??Z@YAAEAUuint2@@AEAU0@Uuint1@@@Z 0000000140020bb0 f   win32_graphics.obj
 0001:0001fc40       ??Z@YAAEAUuint2@@AEAU0@Uint1@@@Z 0000000140020c40 f   win32_graphics.obj
 0001:0001fce0       ??Z@YAAEAUfloat2@@AEAU0@Uint1@@@Z 0000000140020ce0 f   win32_graphics.obj
 0001:0001fd70       ??Z@YAAEAUfloat2@@AEAU0@Uuint1@@@Z 0000000140020d70 f   win32_graphics.obj
 0001:0001fe00       ??Z@YAAEAUfloat2@@AEAU0@Ufloat1@@@Z 0000000140020e00 f   win32_graphics.obj
 0001:0001fe90       ??Z@YAAEAUint3@@AEAU0@Uint1@@@Z 0000000140020e90 f   win32_graphics.obj
 0001:0001ff20       ??Z@YAAEAUint3@@AEAU0@Uuint1@@@Z 0000000140020f20 f   win32_graphics.obj
 0001:0001ffb0       ??Z@YAAEAUuint3@@AEAU0@Uuint1@@@Z 0000000140020fb0 f   win32_graphics.obj
 0001:00020040       ??Z@YAAEAUuint3@@AEAU0@Uint1@@@Z 0000000140021040 f   win32_graphics.obj
 0001:000200e0       ??Z@YAAEAUfloat3@@AEAU0@Uint1@@@Z 00000001400210e0 f   win32_graphics.obj
 0001:00020170       ??Z@YAAEAUfloat3@@AEAU0@Uuint1@@@Z 0000000140021170 f   win32_graphics.obj
 0001:00020200       ??Z@YAAEAUfloat3@@AEAU0@Ufloat1@@@Z 0000000140021200 f   win32_graphics.obj
 0001:00020290       ??Z@YAAEAUint4@@AEAU0@Uint1@@@Z 0000000140021290 f   win32_graphics.obj
 0001:00020320       ??Z@YAAEAUint4@@AEAU0@Uuint1@@@Z 0000000140021320 f   win32_graphics.obj
 0001:000203b0       ??Z@YAAEAUuint4@@AEAU0@Uuint1@@@Z 00000001400213b0 f   win32_graphics.obj
 0001:00020440       ??Z@YAAEAUuint4@@AEAU0@Uint1@@@Z 0000000140021440 f   win32_graphics.obj
 0001:000204e0       ??Z@YAAEAUfloat4@@AEAU0@Uint1@@@Z 00000001400214e0 f   win32_graphics.obj
 0001:00020570       ??Z@YAAEAUfloat4@@AEAU0@Uuint1@@@Z 0000000140021570 f   win32_graphics.obj
 0001:00020600       ??Z@YAAEAUfloat4@@AEAU0@Ufloat1@@@Z 0000000140021600 f   win32_graphics.obj
 0001:00020690       ??Z@YAAEAUint1@@AEAU0@H@Z  0000000140021690 f   win32_graphics.obj
 0001:00020720       ??Z@YAAEAUint1@@AEAU0@I@Z  0000000140021720 f   win32_graphics.obj
 0001:000207b0       ??Z@YAAEAUuint1@@AEAU0@I@Z 00000001400217b0 f   win32_graphics.obj
 0001:00020840       ??Z@YAAEAUuint1@@AEAU0@H@Z 0000000140021840 f   win32_graphics.obj
 0001:000208f0       ??Z@YAAEAUfloat1@@AEAU0@H@Z 00000001400218f0 f   win32_graphics.obj
 0001:00020980       ??Z@YAAEAUfloat1@@AEAU0@I@Z 0000000140021980 f   win32_graphics.obj
 0001:00020a10       ??Z@YAAEAUfloat1@@AEAU0@M@Z 0000000140021a10 f   win32_graphics.obj
 0001:00020aa0       ??Z@YAAEAUint2@@AEAU0@H@Z  0000000140021aa0 f   win32_graphics.obj
 0001:00020b10       ??Z@YAAEAUint2@@AEAU0@I@Z  0000000140021b10 f   win32_graphics.obj
 0001:00020b80       ??Z@YAAEAUuint2@@AEAU0@I@Z 0000000140021b80 f   win32_graphics.obj
 0001:00020bf0       ??Z@YAAEAUuint2@@AEAU0@H@Z 0000000140021bf0 f   win32_graphics.obj
 0001:00020c70       ??Z@YAAEAUfloat2@@AEAU0@H@Z 0000000140021c70 f   win32_graphics.obj
 0001:00020ce0       ??Z@YAAEAUfloat2@@AEAU0@I@Z 0000000140021ce0 f   win32_graphics.obj
 0001:00020d50       ??Z@YAAEAUfloat2@@AEAU0@M@Z 0000000140021d50 f   win32_graphics.obj
 0001:00020dc0       ??Z@YAAEAUint3@@AEAU0@H@Z  0000000140021dc0 f   win32_graphics.obj
 0001:00020e30       ??Z@YAAEAUint3@@AEAU0@I@Z  0000000140021e30 f   win32_graphics.obj
 0001:00020ea0       ??Z@YAAEAUuint3@@AEAU0@I@Z 0000000140021ea0 f   win32_graphics.obj
 0001:00020f10       ??Z@YAAEAUuint3@@AEAU0@H@Z 0000000140021f10 f   win32_graphics.obj
 0001:00020f90       ??Z@YAAEAUfloat3@@AEAU0@H@Z 0000000140021f90 f   win32_graphics.obj
 0001:00021000       ??Z@YAAEAUfloat3@@AEAU0@I@Z 0000000140022000 f   win32_graphics.obj
 0001:00021070       ??Z@YAAEAUfloat3@@AEAU0@M@Z 0000000140022070 f   win32_graphics.obj
 0001:000210e0       ??Z@YAAEAUint4@@AEAU0@H@Z  00000001400220e0 f   win32_graphics.obj
 0001:00021150       ??Z@YAAEAUint4@@AEAU0@I@Z  0000000140022150 f   win32_graphics.obj
 0001:000211c0       ??Z@YAAEAUuint4@@AEAU0@I@Z 00000001400221c0 f   win32_graphics.obj
 0001:00021230       ??Z@YAAEAUuint4@@AEAU0@H@Z 0000000140022230 f   win32_graphics.obj
 0001:000212b0       ??Z@YAAEAUfloat4@@AEAU0@H@Z 00000001400222b0 f   win32_graphics.obj
 0001:00021320       ??Z@YAAEAUfloat4@@AEAU0@I@Z 0000000140022320 f   win32_graphics.obj
 0001:00021390       ??Z@YAAEAUfloat4@@AEAU0@M@Z 0000000140022390 f   win32_graphics.obj
 0001:00021400       ??D@YA?AUint1@@U0@0@Z      0000000140022400 f   win32_graphics.obj
 0001:00021520       ??D@YA?AUuint1@@U0@0@Z     0000000140022520 f   win32_graphics.obj
 0001:00021640       ??D@YA?AUfloat1@@U0@0@Z    0000000140022640 f   win32_graphics.obj
 0001:00021770       ??D@YA?AUint1@@U0@Uuint1@@@Z 0000000140022770 f   win32_graphics.obj
 0001:00021890       ??D@YA?AUint1@@Uuint1@@U0@@Z 0000000140022890 f   win32_graphics.obj
 0001:000219b0       ??D@YA?AUfloat1@@U0@Uuint1@@@Z 00000001400229b0 f   win32_graphics.obj
 0001:00021af0       ??D@YA?AUfloat1@@U0@Uint1@@@Z 0000000140022af0 f   win32_graphics.obj
 0001:00021c20       ??D@YA?AUfloat1@@Uuint1@@U0@@Z 0000000140022c20 f   win32_graphics.obj
 0001:00021d50       ??D@YA?AUfloat1@@Uint1@@U0@@Z 0000000140022d50 f   win32_graphics.obj
 0001:00021e80       ??D@YA?AUint2@@U0@0@Z      0000000140022e80 f   win32_graphics.obj
 0001:00021f80       ??D@YA?AUuint2@@U0@0@Z     0000000140022f80 f   win32_graphics.obj
 0001:00022080       ??D@YA?AUfloat2@@U0@0@Z    0000000140023080 f   win32_graphics.obj
 0001:00022190       ??D@YA?AUint2@@U0@Uuint2@@@Z 0000000140023190 f   win32_graphics.obj
 0001:00022290       ??D@YA?AUint2@@Uuint2@@U0@@Z 0000000140023290 f   win32_graphics.obj
 0001:00022390       ??D@YA?AUfloat2@@U0@Uuint2@@@Z 0000000140023390 f   win32_graphics.obj
 0001:000224b0       ??D@YA?AUfloat2@@U0@Uint2@@@Z 00000001400234b0 f   win32_graphics.obj
 0001:000225c0       ??D@YA?AUfloat2@@Uuint2@@U0@@Z 00000001400235c0 f   win32_graphics.obj
 0001:000226d0       ??D@YA?AUfloat2@@Uint2@@U0@@Z 00000001400236d0 f   win32_graphics.obj
 0001:000227e0       ??D@YA?AUint3@@U0@0@Z      00000001400237e0 f   win32_graphics.obj
 0001:000228e0       ??D@YA?AUuint3@@U0@0@Z     00000001400238e0 f   win32_graphics.obj
 0001:000229e0       ??D@YA?AUfloat3@@U0@0@Z    00000001400239e0 f   win32_graphics.obj
 0001:00022af0       ??D@YA?AUint3@@U0@Uuint3@@@Z 0000000140023af0 f   win32_graphics.obj
 0001:00022bf0       ??D@YA?AUint3@@Uuint3@@U0@@Z 0000000140023bf0 f   win32_graphics.obj
 0001:00022cf0       ??D@YA?AUfloat3@@U0@Uuint3@@@Z 0000000140023cf0 f   win32_graphics.obj
 0001:00022e10       ??D@YA?AUfloat3@@U0@Uint3@@@Z 0000000140023e10 f   win32_graphics.obj
 0001:00022f20       ??D@YA?AUfloat3@@Uuint3@@U0@@Z 0000000140023f20 f   win32_graphics.obj
 0001:00023030       ??D@YA?AUfloat3@@Uint3@@U0@@Z 0000000140024030 f   win32_graphics.obj
 0001:00023140       ??D@YA?AUint4@@U0@0@Z      0000000140024140 f   win32_graphics.obj
 0001:00023240       ??D@YA?AUuint4@@U0@0@Z     0000000140024240 f   win32_graphics.obj
 0001:00023340       ??D@YA?AUfloat4@@U0@0@Z    0000000140024340 f   win32_graphics.obj
 0001:00023450       ??D@YA?AUint4@@U0@Uuint4@@@Z 0000000140024450 f   win32_graphics.obj
 0001:00023550       ??D@YA?AUint4@@Uuint4@@U0@@Z 0000000140024550 f   win32_graphics.obj
 0001:00023650       ??D@YA?AUfloat4@@U0@Uuint4@@@Z 0000000140024650 f   win32_graphics.obj
 0001:00023770       ??D@YA?AUfloat4@@U0@Uint4@@@Z 0000000140024770 f   win32_graphics.obj
 0001:00023880       ??D@YA?AUfloat4@@Uuint4@@U0@@Z 0000000140024880 f   win32_graphics.obj
 0001:00023990       ??D@YA?AUfloat4@@Uint4@@U0@@Z 0000000140024990 f   win32_graphics.obj
 0001:00023aa0       ??D@YA?AUint1@@U0@H@Z      0000000140024aa0 f   win32_graphics.obj
 0001:00023bb0       ??D@YA?AUuint1@@U0@I@Z     0000000140024bb0 f   win32_graphics.obj
 0001:00023cc0       ??D@YA?AUfloat1@@U0@M@Z    0000000140024cc0 f   win32_graphics.obj
 0001:00023de0       ??D@YA?AUint1@@U0@I@Z      0000000140024de0 f   win32_graphics.obj
 0001:00023ef0       ??D@YA?AUint1@@Uuint1@@H@Z 0000000140024ef0 f   win32_graphics.obj
 0001:00024000       ??D@YA?AUfloat1@@U0@H@Z    0000000140025000 f   win32_graphics.obj
 0001:00024120       ??D@YA?AUfloat1@@U0@I@Z    0000000140025120 f   win32_graphics.obj
 0001:00024240       ??D@YA?AUfloat1@@Uint1@@M@Z 0000000140025240 f   win32_graphics.obj
 0001:00024360       ??D@YA?AUfloat1@@Uuint1@@M@Z 0000000140025360 f   win32_graphics.obj
 0001:00024480       ??D@YA?AUint2@@U0@H@Z      0000000140025480 f   win32_graphics.obj
 0001:00024570       ??D@YA?AUuint2@@U0@I@Z     0000000140025570 f   win32_graphics.obj
 0001:00024660       ??D@YA?AUfloat2@@U0@M@Z    0000000140025660 f   win32_graphics.obj
 0001:00024760       ??D@YA?AUint2@@U0@I@Z      0000000140025760 f   win32_graphics.obj
 0001:00024850       ??D@YA?AUint2@@Uuint2@@H@Z 0000000140025850 f   win32_graphics.obj
 0001:00024940       ??D@YA?AUfloat2@@U0@H@Z    0000000140025940 f   win32_graphics.obj
 0001:00024a40       ??D@YA?AUfloat2@@U0@I@Z    0000000140025a40 f   win32_graphics.obj
 0001:00024b40       ??D@YA?AUfloat2@@Uint2@@M@Z 0000000140025b40 f   win32_graphics.obj
 0001:00024c30       ??D@YA?AUfloat2@@Uuint2@@M@Z 0000000140025c30 f   win32_graphics.obj
 0001:00024d30       ??D@YA?AUint3@@U0@H@Z      0000000140025d30 f   win32_graphics.obj
 0001:00024e20       ??D@YA?AUuint3@@U0@I@Z     0000000140025e20 f   win32_graphics.obj
 0001:00024f10       ??D@YA?AUfloat3@@U0@M@Z    0000000140025f10 f   win32_graphics.obj
 0001:00025010       ??D@YA?AUint3@@U0@I@Z      0000000140026010 f   win32_graphics.obj
 0001:00025100       ??D@YA?AUint3@@Uuint3@@H@Z 0000000140026100 f   win32_graphics.obj
 0001:000251f0       ??D@YA?AUfloat3@@U0@H@Z    00000001400261f0 f   win32_graphics.obj
 0001:000252f0       ??D@YA?AUfloat3@@U0@I@Z    00000001400262f0 f   win32_graphics.obj
 0001:000253f0       ??D@YA?AUfloat3@@Uint3@@M@Z 00000001400263f0 f   win32_graphics.obj
 0001:000254e0       ??D@YA?AUfloat3@@Uuint3@@M@Z 00000001400264e0 f   win32_graphics.obj
 0001:000255e0       ??D@YA?AUint4@@U0@H@Z      00000001400265e0 f   win32_graphics.obj
 0001:000256d0       ??D@YA?AUuint4@@U0@I@Z     00000001400266d0 f   win32_graphics.obj
 0001:000257c0       ??D@YA?AUfloat4@@U0@M@Z    00000001400267c0 f   win32_graphics.obj
 0001:000258c0       ??D@YA?AUint4@@U0@I@Z      00000001400268c0 f   win32_graphics.obj
 0001:000259b0       ??D@YA?AUint4@@Uuint4@@H@Z 00000001400269b0 f   win32_graphics.obj
 0001:00025aa0       ??D@YA?AUfloat4@@U0@H@Z    0000000140026aa0 f   win32_graphics.obj
 0001:00025ba0       ??D@YA?AUfloat4@@U0@I@Z    0000000140026ba0 f   win32_graphics.obj
 0001:00025ca0       ??D@YA?AUfloat4@@Uint4@@M@Z 0000000140026ca0 f   win32_graphics.obj
 0001:00025d90       ??D@YA?AUfloat4@@Uuint4@@M@Z 0000000140026d90 f   win32_graphics.obj
 0001:00025e90       ??D@YA?AUint1@@HU0@@Z      0000000140026e90 f   win32_graphics.obj
 0001:00025fa0       ??D@YA?AUuint1@@IU0@@Z     0000000140026fa0 f   win32_graphics.obj
 0001:000260b0       ??D@YA?AUfloat1@@MU0@@Z    00000001400270b0 f   win32_graphics.obj
 0001:000261d0       ??D@YA?AUint1@@HUuint1@@@Z 00000001400271d0 f   win32_graphics.obj
 0001:000262e0       ??D@YA?AUint1@@IU0@@Z      00000001400272e0 f   win32_graphics.obj
 0001:000263f0       ??D@YA?AUfloat1@@MUint1@@@Z 00000001400273f0 f   win32_graphics.obj
 0001:00026510       ??D@YA?AUfloat1@@MUuint1@@@Z 0000000140027510 f   win32_graphics.obj
 0001:00026630       ??D@YA?AUfloat1@@HU0@@Z    0000000140027630 f   win32_graphics.obj
 0001:00026740       ??D@YA?AUfloat1@@IU0@@Z    0000000140027740 f   win32_graphics.obj
 0001:00026860       ??D@YA?AUint2@@HU0@@Z      0000000140027860 f   win32_graphics.obj
 0001:00026940       ??D@YA?AUuint2@@IU0@@Z     0000000140027940 f   win32_graphics.obj
 0001:00026a20       ??D@YA?AUint2@@HUuint2@@@Z 0000000140027a20 f   win32_graphics.obj
 0001:00026b00       ??D@YA?AUint2@@IU0@@Z      0000000140027b00 f   win32_graphics.obj
 0001:00026be0       ??D@YA?AUfloat2@@MUint2@@@Z 0000000140027be0 f   win32_graphics.obj
 0001:00026ce0       ??D@YA?AUfloat2@@MUuint2@@@Z 0000000140027ce0 f   win32_graphics.obj
 0001:00026de0       ??D@YA?AUfloat2@@MU0@@Z    0000000140027de0 f   win32_graphics.obj
 0001:00026ee0       ??D@YA?AUfloat2@@HU0@@Z    0000000140027ee0 f   win32_graphics.obj
 0001:00026fd0       ??D@YA?AUfloat2@@IU0@@Z    0000000140027fd0 f   win32_graphics.obj
 0001:000270d0       ??D@YA?AUint3@@HU0@@Z      00000001400280d0 f   win32_graphics.obj
 0001:000271b0       ??D@YA?AUuint3@@IU0@@Z     00000001400281b0 f   win32_graphics.obj
 0001:00027290       ??D@YA?AUint3@@HUuint3@@@Z 0000000140028290 f   win32_graphics.obj
 0001:00027370       ??D@YA?AUint3@@IU0@@Z      0000000140028370 f   win32_graphics.obj
 0001:00027450       ??D@YA?AUfloat3@@MUint3@@@Z 0000000140028450 f   win32_graphics.obj
 0001:00027550       ??D@YA?AUfloat3@@MUuint3@@@Z 0000000140028550 f   win32_graphics.obj
 0001:00027650       ??D@YA?AUfloat3@@MU0@@Z    0000000140028650 f   win32_graphics.obj
 0001:00027750       ??D@YA?AUfloat3@@HU0@@Z    0000000140028750 f   win32_graphics.obj
 0001:00027840       ??D@YA?AUfloat3@@IU0@@Z    0000000140028840 f   win32_graphics.obj
 0001:00027940       ??D@YA?AUint4@@HU0@@Z      0000000140028940 f   win32_graphics.obj
 0001:00027a20       ??D@YA?AUuint4@@IU0@@Z     0000000140028a20 f   win32_graphics.obj
 0001:00027b00       ??D@YA?AUint4@@HUuint4@@@Z 0000000140028b00 f   win32_graphics.obj
 0001:00027be0       ??D@YA?AUint4@@IU0@@Z      0000000140028be0 f   win32_graphics.obj
 0001:00027cc0       ??D@YA?AUfloat4@@MUint4@@@Z 0000000140028cc0 f   win32_graphics.obj
 0001:00027dc0       ??D@YA?AUfloat4@@MUuint4@@@Z 0000000140028dc0 f   win32_graphics.obj
 0001:00027ec0       ??D@YA?AUfloat4@@MU0@@Z    0000000140028ec0 f   win32_graphics.obj
 0001:00027fc0       ??D@YA?AUfloat4@@HU0@@Z    0000000140028fc0 f   win32_graphics.obj
 0001:000280b0       ??D@YA?AUfloat4@@IU0@@Z    00000001400290b0 f   win32_graphics.obj
 0001:000281b0       ??D@YA?AUint2@@Uint1@@U0@@Z 00000001400291b0 f   win32_graphics.obj
 0001:000282a0       ??D@YA?AUuint2@@Uuint1@@U0@@Z 00000001400292a0 f   win32_graphics.obj
 0001:00028390       ??D@YA?AUint2@@Uint1@@Uuint2@@@Z 0000000140029390 f   win32_graphics.obj
 0001:00028480       ??D@YA?AUint2@@Uuint1@@U0@@Z 0000000140029480 f   win32_graphics.obj
 0001:00028570       ??D@YA?AUfloat2@@Ufloat1@@Uint2@@@Z 0000000140029570 f   win32_graphics.obj
 0001:00028680       ??D@YA?AUfloat2@@Ufloat1@@Uuint2@@@Z 0000000140029680 f   win32_graphics.obj
 0001:00028790       ??D@YA?AUfloat2@@Ufloat1@@U0@@Z 0000000140029790 f   win32_graphics.obj
 0001:00028890       ??D@YA?AUfloat2@@Uint1@@U0@@Z 0000000140029890 f   win32_graphics.obj
 0001:00028990       ??D@YA?AUfloat2@@Uuint1@@U0@@Z 0000000140029990 f   win32_graphics.obj
 0001:00028a90       ??D@YA?AUint3@@Uint1@@U0@@Z 0000000140029a90 f   win32_graphics.obj
 0001:00028b80       ??D@YA?AUuint3@@Uuint1@@U0@@Z 0000000140029b80 f   win32_graphics.obj
 0001:00028c70       ??D@YA?AUint3@@Uint1@@Uuint3@@@Z 0000000140029c70 f   win32_graphics.obj
 0001:00028d60       ??D@YA?AUint3@@Uuint1@@U0@@Z 0000000140029d60 f   win32_graphics.obj
 0001:00028e50       ??D@YA?AUfloat3@@Ufloat1@@Uint3@@@Z 0000000140029e50 f   win32_graphics.obj
 0001:00028f60       ??D@YA?AUfloat3@@Ufloat1@@Uuint3@@@Z 0000000140029f60 f   win32_graphics.obj
 0001:00029070       ??D@YA?AUfloat3@@Ufloat1@@U0@@Z 000000014002a070 f   win32_graphics.obj
 0001:00029170       ??D@YA?AUfloat3@@Uint1@@U0@@Z 000000014002a170 f   win32_graphics.obj
 0001:00029270       ??D@YA?AUfloat3@@Uuint1@@U0@@Z 000000014002a270 f   win32_graphics.obj
 0001:00029370       ??D@YA?AUint4@@Uint1@@U0@@Z 000000014002a370 f   win32_graphics.obj
 0001:00029460       ??D@YA?AUuint4@@Uuint1@@U0@@Z 000000014002a460 f   win32_graphics.obj
 0001:00029550       ??D@YA?AUint4@@Uint1@@Uuint4@@@Z 000000014002a550 f   win32_graphics.obj
 0001:00029640       ??D@YA?AUint4@@Uuint1@@U0@@Z 000000014002a640 f   win32_graphics.obj
[...]
 0002:00013a44       $unwind$??$?RV<lambda_7777bce6b2f8c936911f934f8298dc43>@@AEAV<lambda_f03950bc5685219e0bcd2087efbe011e>@@V<lambda_3883c3dff614d5e0c5f61bb1ac94921c>@@@?$__crt_seh_guarded_call@H@@QEAAH$$QEAV<lambda_7777bce6b2f8c936911f934f8298dc43>@@AEAV<lambda_f03950bc5685219e0bcd2087efbe011e>@@$$QEAV<lambda_3883c3dff614d5e0c5f61bb1ac94921c>@@@Z 00000001400dba44     libucrt:onexit.obj
 0002:00013a68       $unwind$terminate          00000001400dba68     libucrt:terminate.obj
 0002:00013a88       $xdatasym                  00000001400dba88     libucrt:strncmp.obj
 0002:00013a8c       $unwind$_free_base         00000001400dba8c     libucrt:free_base.obj
 0002:00013a8c       $unwind$?destroy_fls@@YAXPEAX@Z 00000001400dba8c     libucrt:per_thread_data.obj
 0002:00013a8c       $unwind$__acrt_locale_free_numeric 00000001400dba8c     libucrt:initnum.obj
 0002:00013a8c       $unwind$__acrt_locale_free_lc_time_if_unreferenced 00000001400dba8c     libucrt:locale_refcounting.obj
 0002:00013a94       $unwind$?construct_ptd_array@@YAXQEAU__acrt_ptd@@@Z 00000001400dba94     libucrt:per_thread_data.obj
 0002:00013a9c       $unwind$?destroy_ptd_array@@YAXQEAU__acrt_ptd@@@Z 00000001400dba9c     libucrt:per_thread_data.obj
 0002:00013aa4       $unwind$??$?RV<lambda_0ae27a3a962d80f24befdcbee591983d>@@AEAV<lambda_8d0ee55de4b1038c4002e0adecdf1839>@@V<lambda_dc504788e8f1664fe9b84e20bfb512f2>@@@?$__crt_seh_guarded_call@X@@QEAAX$$QEAV<lambda_0ae27a3a962d80f24befdcbee591983d>@@AEAV<lambda_8d0ee55de4b1038c4002e0adecdf1839>@@$$QEAV<lambda_dc504788e8f1664fe9b84e20bfb512f2>@@@Z 00000001400dbaa4     libucrt:per_thread_data.obj
 0002:00013ac8       $unwind$??$?RV<lambda_aa87e3671a710a21b5dc78c0bdf72e11>@@AEAV<lambda_92619d2358a28f41a33ba319515a20b9>@@V<lambda_6992ecaafeb10aed2b74cb1fae11a551>@@@?$__crt_seh_guarded_call@X@@QEAAX$$QEAV<lambda_aa87e3671a710a21b5dc78c0bdf72e11>@@AEAV<lambda_92619d2358a28f41a33ba319515a20b9>@@$$QEAV<lambda_6992ecaafeb10aed2b74cb1fae11a551>@@@Z 00000001400dbac8     libucrt:per_thread_data.obj
 0002:00013aec       $unwind$??$?RV<lambda_f2e299630e499de9f9a165e60fcd3db5>@@AEAV<lambda_2ae9d31cdba2644fcbeaf08da7c24588>@@V<lambda_40d01ff24d0e7b3814fdbdcee8eab3c7>@@@?$__crt_seh_guarded_call@X@@QEAAX$$QEAV<lambda_f2e299630e499de9f9a165e60fcd3db5>@@AEAV<lambda_2ae9d31cdba2644fcbeaf08da7c24588>@@$$QEAV<lambda_40d01ff24d0e7b3814fdbdcee8eab3c7>@@@Z 00000001400dbaec     libucrt:per_thread_data.obj
 0002:00013b10       $unwind$??$?RV<lambda_2d41944a1d46af3157314b8a01080d33>@@AEAV<lambda_8f455de75cd7d7f24b4096f044d8b9e6>@@V<lambda_aa500f224e6afead328df44964fe2772>@@@?$__crt_seh_guarded_call@X@@QEAAX$$QEAV<lambda_2d41944a1d46af3157314b8a01080d33>@@AEAV<lambda_8f455de75cd7d7f24b4096f044d8b9e6>@@$$QEAV<lambda_aa500f224e6afead328df44964fe2772>@@@Z 00000001400dbb10     libucrt:per_thread_data.obj
 0002:00013b34       $unwind$_invalid_parameter_noinfo 00000001400dbb34     libucrt:invalid_parameter.obj
 0002:00013b34       $unwind$_log10_special     00000001400dbb34     libucrt:log_special.obj
 0002:00013b3c       $unwind$__acrt_call_reportfault 00000001400dbb3c     libucrt:invalid_parameter.obj
 0002:00013b5c       $unwind$_invalid_parameter 00000001400dbb5c     libucrt:invalid_parameter.obj
 0002:00013b70       $unwind$??$__acrt_mbs_to_wcs_cp@U__crt_win32_buffer_internal_dynamic_resizing@@@@YAHQEBDAEAV?$__crt_win32_buffer@_WU__crt_win32_buffer_internal_dynamic_resizing@@@@I@Z 00000001400dbb70     libucrt:argv_wildcards.obj
 0002:00013b88       $unwind$__dcrt_get_narrow_environment_from_os 00000001400dbb88     libucrt:get_environment_from_os.obj
 0002:00013b88       $unwind$??$__acrt_wcs_to_mbs_cp@U__crt_win32_buffer_internal_dynamic_resizing@@@@YAHQEB_WAEAV?$__crt_win32_buffer@DU__crt_win32_buffer_internal_dynamic_resizing@@@@I@Z 00000001400dbb88     libucrt:argv_wildcards.obj
 0002:00013ba0       $unwind$??$common_expand_argv_wildcards@D@@YAHQEAPEADQEAPEAPEAD@Z 00000001400dbba0     libucrt:argv_wildcards.obj
 0002:00013bb8       $unwind$??$copy_and_add_argument_to_buffer@D@@YAHQEBD0_KAEAV?$argument_list@D@?A0x5f5c8891@@@Z 00000001400dbbb8     libucrt:argv_wildcards.obj
 0002:00013bd4       $unwind$??$expand_argument_wildcards@D@@YAHQEAD0AEAV?$argument_list@D@?A0x5f5c8891@@@Z 00000001400dbbd4     libucrt:argv_wildcards.obj
 0002:00013bf8       $unwind$__acrt_GetModuleFileNameA 00000001400dbbf8     libucrt:getmodulefilenamea.obj
 0002:00013c14       $unwind$__dcrt_write_console 00000001400dbc14     libucrt:initcon.obj
 0002:00013c14       $unwind$??$__acrt_wcs_to_mbs_cp@U__crt_win32_buffer_no_resizing@@@@YAHQEB_WAEAV?$__crt_win32_buffer@DU__crt_win32_buffer_no_resizing@@@@I@Z 00000001400dbc14     libucrt:getmodulefilenamea.obj
 0002:00013c28       $unwind$_setmbcp_nolock    00000001400dbc28     libucrt:mbctype.obj
 0002:00013c48       $unwind$__dcrt_lowio_ensure_console_output_initialized 00000001400dbc48     libucrt:initcon.obj
 0002:00013c48       $unwind$_isleadbyte_l      00000001400dbc48     libucrt:_wctype.obj
 0002:00013c48       $unwind$?getSystemCP@@YAHH@Z 00000001400dbc48     libucrt:mbctype.obj
 0002:00013c50       $unwind$?update_thread_multibyte_data_internal@@YAPEAU__crt_multibyte_data@@QEAU__acrt_ptd@@QEAPEAU1@@Z 00000001400dbc50     libucrt:mbctype.obj
 0002:00013c78       $unwind$?setmbcp_internal@@YAHH_NQEAU__acrt_ptd@@QEAPEAU__crt_multibyte_data@@@Z 00000001400dbc78     libucrt:mbctype.obj
 0002:00013c88       $unwind$?setSBUpLow@@YAXPEAU__crt_multibyte_data@@@Z 00000001400dbc88     libucrt:mbctype.obj
 0002:00013ca4       $unwind$??$?RV<lambda_efdfa57d1f175319df784efa44bb7b81>@@AEAV<lambda_5f0a4c1567f8adc6734073e5d1e1b35c>@@V<lambda_2e8a7d3640ea6ccb4c2413664c2db6fd>@@@?$__crt_seh_guarded_call@X@@QEAAX$$QEAV<lambda_efdfa57d1f175319df784efa44bb7b81>@@AEAV<lambda_5f0a4c1567f8adc6734073e5d1e1b35c>@@$$QEAV<lambda_2e8a7d3640ea6ccb4c2413664c2db6fd>@@@Z 00000001400dbca4     libucrt:mbctype.obj
 0002:00013cc8       $unwind$__acrt_WideCharToMultiByte 00000001400dbcc8     libucrt:widechartomultibyte.obj
 0002:00013cd4       $unwind$??$common_set_variable_in_environment_nolock@D@@YAHQEADH@Z 00000001400dbcd4     libucrt:setenv.obj
 0002:00013cec       $unwind$??$copy_environment@D@@YAPEAPEADQEAPEAD@Z 00000001400dbcec     libucrt:setenv.obj
 0002:00013d00       $unwind$_free_osfhnd       00000001400dbd00     libucrt:osfinfo.obj
 0002:00013d14       $unwind$__acrt_lowio_destroy_handle_array 00000001400dbd14     libucrt:osfinfo.obj
 0002:00013d24       $unwind$__acrt_lowio_ensure_fh_exists 00000001400dbd24     libucrt:osfinfo.obj
 0002:00013d50       $unwind$__acrt_initialize_lowio 00000001400dbd50     libucrt:ioinit.obj
 0002:00013d70       $unwind$?initialize_inherited_file_handles_nolock@@YAXXZ 00000001400dbd70     libucrt:ioinit.obj
 0002:00013d8c       $unwind$?initialize_stdio_handles_nolock@@YAXXZ 00000001400dbd8c     libucrt:ioinit.obj
 0002:00013d8c       $unwind$__acrt_initialize_stdio 00000001400dbd8c     libucrt:_file.obj
 0002:00013da4       $unwind$__acrt_locale_free_monetary 00000001400dbda4     libucrt:initmon.obj
 0002:00013dac       $unwind$__acrt_locale_free_time 00000001400dbdac     libucrt:inittime.obj
 0002:00013dbc       $unwind$__acrt_GetStringTypeA 00000001400dbdbc     libucrt:getstringtypea.obj
 0002:00013de4       $unwind$__acrt_update_thread_locale_data 00000001400dbde4     libucrt:locale_refcounting.obj
 0002:00013e08       $unwind$__acrt_initialize_winapi_thunks 00000001400dbe08     libucrt:winapi_thunks.obj
 0002:00013e10       $unwind$_mbtowc_l          00000001400dbe10     libucrt:mbtowc.obj
 0002:00013e10       $unwind$__acrt_CompareStringEx 00000001400dbe10     libucrt:winapi_thunks.obj
 0002:00013e10       $unwind$__acrt_LCMapStringEx 00000001400dbe10     libucrt:winapi_thunks.obj
 0002:00013e24       $unwind$_query_new_handler 00000001400dbe24     libucrt:new_handler.obj
 0002:00013e44       $unwind$raise              00000001400dbe44     libucrt:signal.obj
 0002:00013e80       $unwind$??$?RV<lambda_450d765d439847d4c735a33c368b5fc0>@@AEAV<lambda_44731a7d0e6d81c3e6aa82d741081786>@@V<lambda_601a2a7da3b7a96e9554ac7215c4b07c>@@@?$__crt_seh_guarded_call@P6AXH@Z@@QEAAP6AXH@Z$$QEAV<lambda_450d765d439847d4c735a33c368b5fc0>@@AEAV<lambda_44731a7d0e6d81c3e6aa82d741081786>@@$$QEAV<lambda_601a2a7da3b7a96e9554ac7215c4b07c>@@@Z 00000001400dbe80     libucrt:signal.obj
 0002:00013ea4       $unwind$?common_flush_all@@YAH_N@Z 00000001400dbea4     libucrt:fflush.obj
 0002:00013eac       $unwind$??$?RV<lambda_842d9ff0dc9ef11c61343bbaebe7f885>@@AEAV<lambda_c5860995281e5c4ce005b3de8f5874ee>@@V<lambda_d90129c13df834fdcbf8d2b88dafcf2d>@@@?$__crt_seh_guarded_call@X@@QEAAX$$QEAV<lambda_842d9ff0dc9ef11c61343bbaebe7f885>@@AEAV<lambda_c5860995281e5c4ce005b3de8f5874ee>@@$$QEAV<lambda_d90129c13df834fdcbf8d2b88dafcf2d>@@@Z 00000001400dbeac     libucrt:fflush.obj
 0002:00013ed0       $unwind$??$?RV<lambda_886d6c58226a84441f68b9f2b8217b83>@@AEAV<lambda_ab61a845afdef5b7c387490eaf3616ee>@@V<lambda_f7f22ab5edc0698d5f6905b0d3f44752>@@@?$__crt_seh_guarded_call@X@@QEAAX$$QEAV<lambda_886d6c58226a84441f68b9f2b8217b83>@@AEAV<lambda_ab61a845afdef5b7c387490eaf3616ee>@@$$QEAV<lambda_f7f22ab5edc0698d5f6905b0d3f44752>@@@Z 00000001400dbed0     libucrt:fflush.obj
 0002:00013ef8       $unwind$qsort              00000001400dbef8     libucrt:qsort.obj
 0002:00013f10       $chain$4$qsort             00000001400dbf10     libucrt:qsort.obj
 0002:00013f34       $chain$5$qsort             00000001400dbf34     libucrt:qsort.obj
 0002:00013f44       $unwind$strpbrk            00000001400dbf44     libucrt:strpbrk.obj
 0002:00013f54       $unwind$fallbackMethod     00000001400dbf54     libucrt:strpbrk.obj
 0002:00013f64       $unwind$_mbsdec_l          00000001400dbf64     libucrt:mbsdec.obj
 0002:00013f70       $unwind$__acrt_LCMapStringA 00000001400dbf70     libucrt:lcmapstringa.obj
 0002:00013f80       $unwind$?__acrt_LCMapStringA_stat@@YAHPEAU__crt_locale_pointers@@PEB_WKPEBDHPEADHHH@Z 00000001400dbf80     libucrt:lcmapstringa.obj
 0002:00013fa8       $unwind$_strnicoll_l       00000001400dbfa8     libucrt:strnicol.obj
 0002:00013fbc       $unwind$__acrt_SetEnvironmentVariableA 00000001400dbfbc     libucrt:setenvironmentvariablea.obj
 0002:00013fd8       $unwind$_close             00000001400dbfd8     libucrt:close.obj
 0002:00013fd8       $unwind$_commit            00000001400dbfd8     libucrt:commit.obj
 0002:00013fe0       $unwind$??$?RV<lambda_a37b2b86f63e897a80ea819b0eb08c01>@@AEAV<lambda_38ce7e780aa69e748d6df282ebc68efe>@@V<lambda_99fb1378e971ab6e7edea83e3a7a83a2>@@@?$__crt_seh_guarded_call@H@@QEAAH$$QEAV<lambda_a37b2b86f63e897a80ea819b0eb08c01>@@AEAV<lambda_38ce7e780aa69e748d6df282ebc68efe>@@$$QEAV<lambda_99fb1378e971ab6e7edea83e3a7a83a2>@@@Z 00000001400dbfe0     libucrt:commit.obj
 0002:00014004       $unwind$_write             00000001400dc004     libucrt:write.obj
 0002:00014034       $unwind$_write_nolock      00000001400dc034     libucrt:write.obj
 0002:0001404c       $unwind$?write_double_translated_ansi_nolock@@YA?AUwrite_result@?A0x17268360@@HQEBDI@Z 00000001400dc04c     libucrt:write.obj
 0002:00014070       $unwind$?write_text_ansi_nolock@@YA?AUwrite_result@?A0x17268360@@HQEBDI@Z 00000001400dc070     libucrt:write.obj
 0002:00014070       $unwind$?write_text_utf16le_nolock@@YA?AUwrite_result@?A0x17268360@@HQEBDI@Z 00000001400dc070     libucrt:write.obj
 0002:00014090       $unwind$?write_text_utf8_nolock@@YA?AUwrite_result@?A0x17268360@@HQEBDI@Z 00000001400dc090     libucrt:write.obj
 0002:000140b4       $unwind$_fcloseall         00000001400dc0b4     libucrt:closeall.obj
 0002:000140d8       $unwind$?__mbrtowc_utf8@__crt_mbstring@@YA_KPEA_WPEBD_KPEAU_Mbstatet@@@Z 00000001400dc0d8     libucrt:mbrtowc.obj
 0002:000140e0       $unwind$?__mbsrtowcs_utf8@__crt_mbstring@@YA_KPEA_WPEAPEBD_KPEAU_Mbstatet@@@Z 00000001400dc0e0     libucrt:mbrtowc.obj
 0002:000140f8       $unwind$__acrt_CompareStringA 00000001400dc0f8     libucrt:comparestringa.obj
 0002:00014108       $unwind$?InternalCompareStringA@@YAHPEAU__crt_locale_pointers@@PEB_WKPEBDH2HH@Z 00000001400dc108     libucrt:comparestringa.obj
 0002:0001412c       $unwind$_putwch_nolock     00000001400dc12c     libucrt:putwch.obj
 0002:00014134       $unwind$fclose             00000001400dc134     libucrt:fclose.obj
 0002:00014158       $unwind$?__mbrtoc32_utf8@__crt_mbstring@@YA_KPEA_UPEBD_KPEAU_Mbstatet@@@Z 00000001400dc158     libucrt:mbrtoc32.obj
 0002:00014178       $xdatasym                  00000001400dc178     libucrt:log10.obj
 0002:00014184       $unwind$??$?RV<lambda_751a882b2c74d4b022dec766aa51a29a>@@AEAV<lambda_628dfdc04ba53c8bfc02c9951375f3f5>@@V<lambda_f6c7be5f7998530c34de24c7437d6b54>@@@?$__crt_seh_guarded_call@H@@QEAAH$$QEAV<lambda_751a882b2c74d4b022dec766aa51a29a>@@AEAV<lambda_628dfdc04ba53c8bfc02c9951375f3f5>@@$$QEAV<lambda_f6c7be5f7998530c34de24c7437d6b54>@@@Z 00000001400dc184     libucrt:close.obj
 0002:000141a8       $unwind$_call_matherr      00000001400dc1a8     libucrt:libm_error.obj
 0002:000141b0       $unwind$_handle_error      00000001400dc1b0     libucrt:libm_error.obj
 0002:000141d0       $unwind$__acrt_initialize_fma3 00000001400dc1d0     libucrt:fma3_available.obj
 0002:000141d8       $unwind$_log_special_common 00000001400dc1d8     libucrt:log_special.obj
 0002:000141e8       $xdatasym                  00000001400dc1e8     libucrt:fpsr.obj
 0002:000141f0       $unwind$_raise_exc         00000001400dc1f0     libucrt:fpexcept.obj
 0002:000141f8       $unwind$_raise_exc_ex      00000001400dc1f8     libucrt:fpexcept.obj
 0002:0001420c       $unwind$_ctrlfp            00000001400dc20c     libucrt:fpctrl.obj
 0002:00014234       $unwind$_IsNonwritableInCurrentImage 00000001400dc234     LIBCMT:pesect.obj
 0002:00014258       $xdatasym                  00000001400dc258     libvcruntime:memcmp.obj
 0002:00014618       .idata$6                   00000001400dc618     kernel32:KERNEL32.dll
 0003:00000040       ?__vcrt_flsindex@@3KA      00000001400dd040     libvcruntime:per_thread_data.obj
 0003:00000060       ?__acrt_flsindex@@3KA      00000001400dd060     libucrt:per_thread_data.obj
 0003:00000064       ?errno_no_memory@@3HA      00000001400dd064     libucrt:errno.obj
 0003:00000068       ?doserrno_no_memory@@3KA   00000001400dd068     libucrt:errno.obj
 0003:000002a0       _mbctypes                  00000001400dd2a0     libucrt:mbctype.obj
 0003:000003b0       _mbcasemaps                00000001400dd3b0     libucrt:mbctype.obj
 0003:000004b0       ?__rgctypeflag@@3PADA      00000001400dd4b0     libucrt:mbctype.obj
 0003:000004c0       ?__rgcode_page_info@@3PAUcode_page_info@@A 00000001400dd4c0     libucrt:mbctype.obj
 0003:000009e0       ?__dcrt_lowio_console_output_handle@@3PEAXEA 00000001400dd9e0     libucrt:initcon.obj
 0003:000009f0       ?dazSupported@?1??_ctrlfp@@9@9 00000001400dd9f0     libucrt:fpctrl.obj
 0003:00000a00       ?_SavedExecMasks@@3PAUuint1@@A 00000001400dda00     win32_graphics.obj
 0003:0003f200       ?_GlobalReturnMask@@3Uuint1@@A 000000014011c200     win32_graphics.obj
 0003:0003f300       ?_GlobalExecMask@@3Uuint1@@A 000000014011c300     win32_graphics.obj
 0003:0003f400       ?_NumSavedExecMasks@@3IA   000000014011c400     win32_graphics.obj
 0003:0003f410       GS_ExceptionRecord         000000014011c410     LIBCMT:gs_report.obj
 0003:0003f4b0       GS_ContextRecord           000000014011c4b0     LIBCMT:gs_report.obj
 0003:0003f990       ?is_initialized_as_dll@@3_NA 000000014011c990     LIBCMT:utility.obj
 0003:0003f991       ?module_local_atexit_table_initialized@@3_NA 000000014011c991     LIBCMT:utility.obj
 0003:0003f998       ?module_local_atexit_table@@3U_onexit_table_t@@A 000000014011c998     LIBCMT:utility.obj
 0003:0003f9b0       ?module_local_at_quick_exit_table@@3U_onexit_table_t@@A 000000014011c9b0     LIBCMT:utility.obj
 0003:0003fa00       ?__vcrt_startup_thread_ptd@@3U__vcrt_ptd@@A 000000014011ca00     libvcruntime:per_thread_data.obj
 0003:0003fa80       __vcrt_lock_table          000000014011ca80     libvcruntime:locks.obj
 0003:0003faa8       __vcrt_locks_initialized   000000014011caa8     libvcruntime:locks.obj
 0003:0003faf0       ?heap@@3V_HeapManager@@A   000000014011caf0     libvcruntime:undname.obj
 0003:0003fb18       ?module_handles@@3PAPEAUHINSTANCE__@@A 000000014011cb18     libvcruntime:winapi_downlevel.obj
 0003:0003fb30       ?function_pointers@@3PAPEAXA 000000014011cb30     libvcruntime:winapi_downlevel.obj
 0003:0003fb60       ?__acrt_app_type@@3W4_crt_app_type@@A 000000014011cb60     libucrt:report_runtime_error.obj
 0003:0003fb68       ?user_matherr@@3V?$dual_state_global@P6AHPEAU_exception@@@Z@__crt_state_management@@A 000000014011cb68     libucrt:matherr.obj
 0003:0003fb70       ?program_name@?1???$common_configure_argv@D@@YAHW4_crt_argv_mode@@@Z@4PADA 000000014011cb70     libucrt:argv_parsing.obj
 0003:0003fc98       ?c_termination_complete@@3JA 000000014011cc98     libucrt:exit.obj
 0003:0003fca0       ?thread_local_exit_callback_func@@3P6AXPEAXK0@ZEA 000000014011cca0     libucrt:exit.obj
 0003:0003fce4       ?__acrt_global_new_mode@@3V?$dual_state_global@J@__crt_state_management@@A 000000014011cce4     libucrt:new_mode.obj
 0003:0003fd20       ?__acrt_invalid_parameter_handler@@3V?$dual_state_global@P6AXPEB_W00I_K@Z@__crt_state_management@@A 000000014011cd20     libucrt:invalid_parameter.obj
 0003:0003fd40       ?fSystemSet@@3HA           000000014011cd40     libucrt:mbctype.obj
 0003:0003fd44       ?initialized@?1??__acrt_initialize_multibyte@@9@4_NA 000000014011cd44     libucrt:mbctype.obj
 0003:0003fd50       ?__acrt_lock_table@@3PAU_RTL_CRITICAL_SECTION@@A 000000014011cd50     libucrt:locks.obj
 0003:0003ff80       ?__acrt_locks_initialized@@3IA 000000014011cf80     libucrt:locks.obj
 0003:000403a0       ?module_handles@@3PAPEAUHINSTANCE__@@A 000000014011d3a0     libucrt:winapi_thunks.obj
 0003:00040440       ?encoded_function_pointers@@3PAPEAXA 000000014011d440     libucrt:winapi_thunks.obj
 0003:00040560       ?__acrt_new_handler@@3V?$dual_state_global@P6AH_K@Z@__crt_state_management@@A 000000014011d560     libucrt:new_handler.obj
 0003:00040568       ?ctrlc_action@@3V?$dual_state_global@P6AXH@Z@__crt_state_management@@A 000000014011d568     libucrt:signal.obj
 0003:00040570       ?ctrlbreak_action@@3V?$dual_state_global@P6AXH@Z@__crt_state_management@@A 000000014011d570     libucrt:signal.obj
 0003:00040578       ?abort_action@@3V?$dual_state_global@P6AXH@Z@__crt_state_management@@A 000000014011d578     libucrt:signal.obj
 0003:00040580       ?term_action@@3V?$dual_state_global@P6AXH@Z@__crt_state_management@@A 000000014011d580     libucrt:signal.obj
 0003:000405a8       ?internal_state@?1??_mbtowc_l@@9@4U_Mbstatet@@A 000000014011d5a8     libucrt:mbtowc.obj
 0003:000405b0       ?internal_pst@?1??__mbrtoc32_utf8@__crt_mbstring@@YA_KPEA_UPEBD_KPEAU_Mbstatet@@@Z@4U3@A 000000014011d5b0     libucrt:mbrtoc32.obj
 0005:00000000       SetSmall                   0000000140129000     libvcruntime:memset.obj
 0005:00000040       SetSmallYmm                0000000140129040     libvcruntime:memset.obj
 0005:00000064       SetSmallYmmNT              0000000140129064     libvcruntime:memset.obj
 0005:00000088       SetSmallXmm                0000000140129088     libvcruntime:memset.obj
 0005:000000b0       MoveSmall                  00000001401290b0     libvcruntime:memcpy.obj
 0005:000000f0       MoveSmallYmm               00000001401290f0     libvcruntime:memcpy.obj
 0005:00000114       MoveSmallYmmNT             0000000140129114     libvcruntime:memcpy.obj
 0005:00000138       MoveSmallXmm               0000000140129138     libvcruntime:memcpy.obj
